Archive member included to satisfy reference by file (symbol)

/opt/st/stm32cubeide_1.13.2/plugins/com.st.stm32cube.ide.mcu.externaltools.gnu-tools-for-stm32.11.3.rel1.linux64_1.1.1.202309131626/tools/bin/../lib/gcc/arm-none-eabi/11.3.1/../../../../arm-none-eabi/lib/thumb/v7-m/nofp/libc_nano.a(libc_a-exit.o)
                              /opt/st/stm32cubeide_1.13.2/plugins/com.st.stm32cube.ide.mcu.externaltools.gnu-tools-for-stm32.11.3.rel1.linux64_1.1.1.202309131626/tools/bin/../lib/gcc/arm-none-eabi/11.3.1/../../../../arm-none-eabi/lib/thumb/v7-m/nofp/crt0.o (exit)
/opt/st/stm32cubeide_1.13.2/plugins/com.st.stm32cube.ide.mcu.externaltools.gnu-tools-for-stm32.11.3.rel1.linux64_1.1.1.202309131626/tools/bin/../lib/gcc/arm-none-eabi/11.3.1/../../../../arm-none-eabi/lib/thumb/v7-m/nofp/libc_nano.a(libc_a-findfp.o)
                              /opt/st/stm32cubeide_1.13.2/plugins/com.st.stm32cube.ide.mcu.externaltools.gnu-tools-for-stm32.11.3.rel1.linux64_1.1.1.202309131626/tools/bin/../lib/gcc/arm-none-eabi/11.3.1/../../../../arm-none-eabi/lib/thumb/v7-m/nofp/libc_nano.a(libc_a-exit.o) (__stdio_exit_handler)
/opt/st/stm32cubeide_1.13.2/plugins/com.st.stm32cube.ide.mcu.externaltools.gnu-tools-for-stm32.11.3.rel1.linux64_1.1.1.202309131626/tools/bin/../lib/gcc/arm-none-eabi/11.3.1/../../../../arm-none-eabi/lib/thumb/v7-m/nofp/libc_nano.a(libc_a-fwalk.o)
                              /opt/st/stm32cubeide_1.13.2/plugins/com.st.stm32cube.ide.mcu.externaltools.gnu-tools-for-stm32.11.3.rel1.linux64_1.1.1.202309131626/tools/bin/../lib/gcc/arm-none-eabi/11.3.1/../../../../arm-none-eabi/lib/thumb/v7-m/nofp/libc_nano.a(libc_a-findfp.o) (_fwalk_sglue)
/opt/st/stm32cubeide_1.13.2/plugins/com.st.stm32cube.ide.mcu.externaltools.gnu-tools-for-stm32.11.3.rel1.linux64_1.1.1.202309131626/tools/bin/../lib/gcc/arm-none-eabi/11.3.1/../../../../arm-none-eabi/lib/thumb/v7-m/nofp/libc_nano.a(libc_a-stdio.o)
                              /opt/st/stm32cubeide_1.13.2/plugins/com.st.stm32cube.ide.mcu.externaltools.gnu-tools-for-stm32.11.3.rel1.linux64_1.1.1.202309131626/tools/bin/../lib/gcc/arm-none-eabi/11.3.1/../../../../arm-none-eabi/lib/thumb/v7-m/nofp/libc_nano.a(libc_a-findfp.o) (__sread)
/opt/st/stm32cubeide_1.13.2/plugins/com.st.stm32cube.ide.mcu.externaltools.gnu-tools-for-stm32.11.3.rel1.linux64_1.1.1.202309131626/tools/bin/../lib/gcc/arm-none-eabi/11.3.1/../../../../arm-none-eabi/lib/thumb/v7-m/nofp/libc_nano.a(libc_a-memset.o)
                              /opt/st/stm32cubeide_1.13.2/plugins/com.st.stm32cube.ide.mcu.externaltools.gnu-tools-for-stm32.11.3.rel1.linux64_1.1.1.202309131626/tools/bin/../lib/gcc/arm-none-eabi/11.3.1/../../../../arm-none-eabi/lib/thumb/v7-m/nofp/crt0.o (memset)
/opt/st/stm32cubeide_1.13.2/plugins/com.st.stm32cube.ide.mcu.externaltools.gnu-tools-for-stm32.11.3.rel1.linux64_1.1.1.202309131626/tools/bin/../lib/gcc/arm-none-eabi/11.3.1/../../../../arm-none-eabi/lib/thumb/v7-m/nofp/libc_nano.a(libc_a-closer.o)
                              /opt/st/stm32cubeide_1.13.2/plugins/com.st.stm32cube.ide.mcu.externaltools.gnu-tools-for-stm32.11.3.rel1.linux64_1.1.1.202309131626/tools/bin/../lib/gcc/arm-none-eabi/11.3.1/../../../../arm-none-eabi/lib/thumb/v7-m/nofp/libc_nano.a(libc_a-stdio.o) (_close_r)
/opt/st/stm32cubeide_1.13.2/plugins/com.st.stm32cube.ide.mcu.externaltools.gnu-tools-for-stm32.11.3.rel1.linux64_1.1.1.202309131626/tools/bin/../lib/gcc/arm-none-eabi/11.3.1/../../../../arm-none-eabi/lib/thumb/v7-m/nofp/libc_nano.a(libc_a-reent.o)
                              /opt/st/stm32cubeide_1.13.2/plugins/com.st.stm32cube.ide.mcu.externaltools.gnu-tools-for-stm32.11.3.rel1.linux64_1.1.1.202309131626/tools/bin/../lib/gcc/arm-none-eabi/11.3.1/../../../../arm-none-eabi/lib/thumb/v7-m/nofp/libc_nano.a(libc_a-closer.o) (errno)
/opt/st/stm32cubeide_1.13.2/plugins/com.st.stm32cube.ide.mcu.externaltools.gnu-tools-for-stm32.11.3.rel1.linux64_1.1.1.202309131626/tools/bin/../lib/gcc/arm-none-eabi/11.3.1/../../../../arm-none-eabi/lib/thumb/v7-m/nofp/libc_nano.a(libc_a-impure.o)
                              /opt/st/stm32cubeide_1.13.2/plugins/com.st.stm32cube.ide.mcu.externaltools.gnu-tools-for-stm32.11.3.rel1.linux64_1.1.1.202309131626/tools/bin/../lib/gcc/arm-none-eabi/11.3.1/../../../../arm-none-eabi/lib/thumb/v7-m/nofp/libc_nano.a(libc_a-reent.o) (_impure_ptr)
/opt/st/stm32cubeide_1.13.2/plugins/com.st.stm32cube.ide.mcu.externaltools.gnu-tools-for-stm32.11.3.rel1.linux64_1.1.1.202309131626/tools/bin/../lib/gcc/arm-none-eabi/11.3.1/../../../../arm-none-eabi/lib/thumb/v7-m/nofp/libc_nano.a(libc_a-lseekr.o)
                              /opt/st/stm32cubeide_1.13.2/plugins/com.st.stm32cube.ide.mcu.externaltools.gnu-tools-for-stm32.11.3.rel1.linux64_1.1.1.202309131626/tools/bin/../lib/gcc/arm-none-eabi/11.3.1/../../../../arm-none-eabi/lib/thumb/v7-m/nofp/libc_nano.a(libc_a-stdio.o) (_lseek_r)
[...]
Memory Configuration

Name             Origin             Length             Attributes
RAM              0x0000000020000000 0x0000000000005000 xrw
FLASH            0x0000000008000000 0x0000000000004000 xr
application      0x0000000008004000 0x000000000000c000 xr
*default*        0x0000000000000000 0xffffffffffffffff

Linker script and memory map

LOAD /opt/st/stm32cubeide_1.13.2/plugins/com.st.stm32cube.ide.mcu.externaltools.gnu-tools-for-stm32.11.3.rel1.linux64_1.1.1.202309131626/tools/bin/../lib/gcc/arm-none-eabi/11.3.1/thumb/v7-m/nofp/crti.o
LOAD /opt/st/stm32cubeide_1.13.2/plugins/com.st.stm32cube.ide.mcu.externaltools.gnu-tools-for-stm32.11.3.rel1.linux64_1.1.1.202309131626/tools/bin/../lib/gcc/arm-none-eabi/11.3.1/thumb/v7-m/nofp/crtbegin.o
LOAD /opt/st/stm32cubeide_1.13.2/plugins/com.st.stm32cube.ide.mcu.externaltools.gnu-tools-for-stm32.11.3.rel1.linux64_1.1.1.202309131626/tools/bin/../lib/gcc/arm-none-eabi/11.3.1/../../../../arm-none-eabi/lib/thumb/v7-m/nofp/crt0.o
LOAD ./Bootloader/Bootloader_Prog.o
LOAD ./DELAY/Delay.o
LOAD ./Flash/FLASH_Prog.o
LOAD ./GPIO/GPIO_CONF.o
LOAD ./GPIO/GPIO_Prog.o
LOAD ./HexServ/HexServ_Prog.o
LOAD ./NVIC/NVIC_Prog.o
LOAD ./RCC/RCC_Prog.o
LOAD ./Src/main.o
LOAD ./Src/syscalls.o
LOAD ./Src/sysmem.o
LOAD ./Startup/startup_stm32f103c8tx.o
LOAD ./Systick/SYSTICK_Prog.o
LOAD ./UART/UART_Prog.o
START GROUP
LOAD /opt/st/stm32cubeide_1.13.2/plugins/com.st.stm32cube.ide.mcu.externaltools.gnu-tools-for-stm32.11.3.rel1.linux64_1.1.1.202309131626/tools/bin/../lib/gcc/arm-none-eabi/11.3.1/../../../../arm-none-eabi/lib/thumb/v7-m/nofp/libc_nano.a
LOAD /opt/st/stm32cubeide_1.13.2/plugins/com.st.stm32cube.ide.mcu.externaltools.gnu-tools-for-stm32.11.3.rel1.linux64_1.1.1.202309131626/tools/bin/../lib/gcc/arm-none-eabi/11.3.1/../../../../arm-none-eabi/lib/thumb/v7-m/nofp/libm.a
END GROUP
START GROUP
LOAD /opt/st/stm32cubeide_1.13.2/plugins/com.st.stm32cube.ide.mcu.externaltools.gnu-tools-for-stm32.11.3.rel1.linux64_1.1.1.202309131626/tools/bin/../lib/gcc/arm-none-eabi/11.3.1/thumb/v7-m/nofp/libgcc.a
LOAD /opt/st/stm32cubeide_1.13.2/plugins/com.st.stm32cube.ide.mcu.externaltools.gnu-tools-for-stm32.11.3.rel1.linux64_1.1.1.202309131626/tools/bin/../lib/gcc/arm-none-eabi/11.3.1/../../../../arm-none-eabi/lib/thumb/v7-m/nofp/libc_nano.a
END GROUP
START GROUP
LOAD /opt/st/stm32cubeide_1.13.2/plugins/com.st.stm32cube.ide.mcu.externaltools.gnu-tools-for-stm32.11.3.rel1.linux64_1.1.1.202309131626/tools/bin/../lib/gcc/arm-none-eabi/11.3.1/thumb/v7-m/nofp/libgcc.a
LOAD /opt/st/stm32cubeide_1.13.2/plugins/com.st.stm32cube.ide.mcu.externaltools.gnu-tools-for-stm32.11.3.rel1.linux64_1.1.1.202309131626/tools/bin/../lib/gcc/arm-none-eabi/11.3.1/../../../../arm-none-eabi/lib/thumb/v7-m/nofp/libc_nano.a
LOAD /opt/st/stm32cubeide_1.13.2/plugins/com.st.stm32cube.ide.mcu.externaltools.gnu-tools-for-stm32.11.3.rel1.linux64_1.1.1.202309131626/tools/bin/../lib/gcc/arm-none-eabi/11.3.1/../../../../arm-none-eabi/lib/thumb/v7-m/nofp/libnosys.a
END GROUP
START GROUP
LOAD /opt/st/stm32cubeide_1.13.2/plugins/com.st.stm32cube.ide.mcu.externaltools.gnu-tools-for-stm32.11.3.rel1.linux64_1.1.1.202309131626/tools/bin/../lib/gcc/arm-none-eabi/11.3.1/thumb/v7-m/nofp/libgcc.a
LOAD /opt/st/stm32cubeide_1.13.2/plugins/com.st.stm32cube.ide.mcu.externaltools.gnu-tools-for-stm32.11.3.rel1.linux64_1.1.1.202309131626/tools/bin/../lib/gcc/arm-none-eabi/11.3.1/../../../../arm-none-eabi/lib/thumb/v7-m/nofp/libc_nano.a
LOAD /opt/st/stm32cubeide_1.13.2/plugins/com.st.stm32cube.ide.mcu.externaltools.gnu-tools-for-stm32.11.3.rel1.linux64_1.1.1.202309131626/tools/bin/../lib/gcc/arm-none-eabi/11.3.1/../../../../arm-none-eabi/lib/thumb/v7-m/nofp/libnosys.a
END GROUP
LOAD /opt/st/stm32cubeide_1.13.2/plugins/com.st.stm32cube.ide.mcu.externaltools.gnu-tools-for-stm32.11.3.rel1.linux64_1.1.1.202309131626/tools/bin/../lib/gcc/arm-none-eabi/11.3.1/thumb/v7-m/nofp/crtend.o
LOAD /opt/st/stm32cubeide_1.13.2/plugins/com.st.stm32cube.ide.mcu.externaltools.gnu-tools-for-stm32.11.3.rel1.linux64_1.1.1.202309131626/tools/bin/../lib/gcc/arm-none-eabi/11.3.1/thumb/v7-m/nofp/crtn.o
                0x0000000020005000                _estack = (ORIGIN (RAM) + LENGTH (RAM))
                0x0000000000000200                _Min_Heap_Size = 0x200
                0x0000000000000400                _Min_Stack_Size = 0x400

.isr_vector     0x0000000008000000      0x130
                0x0000000008000000                . = ALIGN (0x4)
 *(.isr_vector)
 .isr_vector    0x0000000008000000      0x130 ./Startup/startup_stm32f103c8tx.o
                0x0000000008000000                g_pfnVectors
                0x0000000008000130                . = ALIGN (0x4)

.text           0x0000000008000130      0xe30
                0x0000000008000130                . = ALIGN (0x4)
 *(.text)
 .text          0x0000000008000130       0x40 /opt/st/stm32cubeide_1.13.2/plugins/com.st.stm32cube.ide.mcu.externaltools.gnu-tools-for-stm32.11.3.rel1.linux64_1.1.1.202309131626/tools/bin/../lib/gcc/arm-none-eabi/11.3.1/thumb/v7-m/nofp/crtbegin.o
 *(.text*)
 .text.Bootloader_Init
                0x0000000008000170       0x28 ./Bootloader/Bootloader_Prog.o
                0x0000000008000170                Bootloader_Init
 .text.Bootloader_voidfReciveFlash
                0x0000000008000198      0x118 ./Bootloader/Bootloader_Prog.o
                0x0000000008000198                Bootloader_voidfReciveFlash
 .text.BootLocationEreas
                0x00000000080002b0       0x4c ./Bootloader/Bootloader_Prog.o
                0x00000000080002b0                BootLocationEreas
 .text.RX_Fun   0x00000000080002fc       0x94 ./Bootloader/Bootloader_Prog.o
                0x00000000080002fc                RX_Fun
 .text.FLASH_enCalculatePages
                0x0000000008000390       0x68 ./Flash/FLASH_Prog.o
                0x0000000008000390                FLASH_enCalculatePages
 .text.FLASH_enWaitClr
                0x00000000080003f8       0x70 ./Flash/FLASH_Prog.o
                0x00000000080003f8                FLASH_enWaitClr
 .text.FLASH_enErasePage
                0x0000000008000468       0x60 ./Flash/FLASH_Prog.o
                0x0000000008000468                FLASH_enErasePage
 .text.FLASH_enWriteArray
                0x00000000080004c8       0xa8 ./Flash/FLASH_Prog.o
                0x00000000080004c8                FLASH_enWriteArray
 .text.FlASH_enEnablePrograming
                0x0000000008000570       0x28 ./Flash/FLASH_Prog.o
                0x0000000008000570                FlASH_enEnablePrograming
 .text.FlASH_enDisablePrograming
                0x0000000008000598       0x28 ./Flash/FLASH_Prog.o
                0x0000000008000598                FlASH_enDisablePrograming
 .text.FLASH_enUnlock
                0x00000000080005c0       0x54 ./Flash/FLASH_Prog.o
                0x00000000080005c0                FLASH_enUnlock
 .text.GPIO_u8Init
                0x0000000008000614       0x40 ./GPIO/GPIO_Prog.o
                0x0000000008000614                GPIO_u8Init
 .text.GPIO_u8SetPinD_ID
                0x0000000008000654      0x1bc ./GPIO/GPIO_Prog.o
                0x0000000008000654                GPIO_u8SetPinD_ID
 .text.GPIO_u8SetPinV_ID
                0x0000000008000810       0xc0 ./GPIO/GPIO_Prog.o
                0x0000000008000810                GPIO_u8SetPinV_ID
 .text.HEX_voidParseFrame
                0x00000000080008d0       0x9c ./HexServ/HexServ_Prog.o
                0x00000000080008d0                HEX_voidParseFrame
 .text.RedesignHex1Bytes
                0x000000000800096c      0x14c ./HexServ/HexServ_Prog.o
                0x000000000800096c                RedesignHex1Bytes
 .text.NVIC_u8Set_EN_IRQ
                0x0000000008000ab8       0x48 ./NVIC/NVIC_Prog.o
                0x0000000008000ab8                NVIC_u8Set_EN_IRQ
 .text.RCC_voidInitSystemClock
                0x0000000008000b00       0x1c ./RCC/RCC_Prog.o
                0x0000000008000b00                RCC_voidInitSystemClock
 .text.RCC_voidEnablePeriphralCLK
                0x0000000008000b1c       0xac ./RCC/RCC_Prog.o
                0x0000000008000b1c                RCC_voidEnablePeriphralCLK
 .text.main     0x0000000008000bc8       0x34 ./Src/main.o
                0x0000000008000bc8                main
 .text.Reset_Handler
                0x0000000008000bfc       0x50 ./Startup/startup_stm32f103c8tx.o
                0x0000000008000bfc                Reset_Handler
 .text.Default_Handler
                0x0000000008000c4c        0x2 ./Startup/startup_stm32f103c8tx.o
                0x0000000008000c4c                EXTI2_IRQHandler
                0x0000000008000c4c                TIM8_TRG_COM_IRQHandler
                0x0000000008000c4c                TIM8_CC_IRQHandler
                0x0000000008000c4c                DebugMon_Handler
                0x0000000008000c4c                TIM1_CC_IRQHandler
                0x0000000008000c4c                HardFault_Handler
                0x0000000008000c4c                TIM6_IRQHandler
                0x0000000008000c4c                PVD_IRQHandler
                0x0000000008000c4c                SDIO_IRQHandler
                0x0000000008000c4c                PendSV_Handler
                0x0000000008000c4c                NMI_Handler
                0x0000000008000c4c                EXTI3_IRQHandler
                0x0000000008000c4c                USB_HP_CAN_TX_IRQHandler
                0x0000000008000c4c                EXTI0_IRQHandler
                0x0000000008000c4c                I2C2_EV_IRQHandler
                0x0000000008000c4c                UsageFault_Handler
                0x0000000008000c4c                ADC1_2_IRQHandler
                0x0000000008000c4c                SPI1_IRQHandler
                0x0000000008000c4c                CAN_SCE_IRQHandler
                0x0000000008000c4c                TAMPER_IRQHandler
                0x0000000008000c4c                TIM8_UP_IRQHandler
                0x0000000008000c4c                DMA2_Channel2_IRQHandler
                0x0000000008000c4c                DMA1_Channel4_IRQHandler
                0x0000000008000c4c                USART3_IRQHandler
                0x0000000008000c4c                RTC_IRQHandler
                0x0000000008000c4c                DMA1_Channel7_IRQHandler
                0x0000000008000c4c                UART5_IRQHandler
                0x0000000008000c4c                ADC3_IRQHandler
                0x0000000008000c4c                TIM4_IRQHandler
                0x0000000008000c4c                CAN_RX1_IRQHandler
                0x0000000008000c4c                DMA2_Channel1_IRQHandler
                0x0000000008000c4c                I2C1_EV_IRQHandler
                0x0000000008000c4c                DMA1_Channel6_IRQHandler
                0x0000000008000c4c                UART4_IRQHandler
                0x0000000008000c4c                TIM3_IRQHandler
                0x0000000008000c4c                RCC_IRQHandler
                0x0000000008000c4c                TIM1_TRG_COM_IRQHandler
                0x0000000008000c4c                DMA1_Channel1_IRQHandler
                0x0000000008000c4c                Default_Handler
                0x0000000008000c4c                EXTI15_10_IRQHandler
                0x0000000008000c4c                TIM7_IRQHandler
                0x0000000008000c4c                TIM5_IRQHandler
                0x0000000008000c4c                EXTI9_5_IRQHandler
                0x0000000008000c4c                SPI2_IRQHandler
                0x0000000008000c4c                USB_LP_CAN_RX0_IRQHandler
                0x0000000008000c4c                MemManage_Handler
                0x0000000008000c4c                SVC_Handler
                0x0000000008000c4c                DMA1_Channel5_IRQHandler
                0x0000000008000c4c                EXTI4_IRQHandler
                0x0000000008000c4c                DMA1_Channel3_IRQHandler
                0x0000000008000c4c                FSMC_IRQHandler
                0x0000000008000c4c                TIM1_UP_IRQHandler
                0x0000000008000c4c                WWDG_IRQHandler
                0x0000000008000c4c                TIM2_IRQHandler
                0x0000000008000c4c                TIM1_BRK_IRQHandler
                0x0000000008000c4c                EXTI1_IRQHandler
                0x0000000008000c4c                RTCAlarm_IRQHandler
                0x0000000008000c4c                DMA2_Channel4_5_IRQHandler
                0x0000000008000c4c                USART2_IRQHandler
                0x0000000008000c4c                I2C2_ER_IRQHandler
                0x0000000008000c4c                DMA1_Channel2_IRQHandler
                0x0000000008000c4c                TIM8_BRK_IRQHandler
                0x0000000008000c4c                FLASH_IRQHandler
                0x0000000008000c4c                BusFault_Handler
                0x0000000008000c4c                SPI3_IRQHandler
                0x0000000008000c4c                I2C1_ER_IRQHandler
                0x0000000008000c4c                DMA2_Channel3_IRQHandler
 *fill*         0x0000000008000c4e        0x2 
 .text.STK_u8Init
                0x0000000008000c50       0x20 ./Systick/SYSTICK_Prog.o
                0x0000000008000c50                STK_u8Init
 .text.STK_u8SetBusyWait
                0x0000000008000c70       0x60 ./Systick/SYSTICK_Prog.o
                0x0000000008000c70                STK_u8SetBusyWait
 .text.STK_u8StopTimer
                0x0000000008000cd0       0x34 ./Systick/SYSTICK_Prog.o
                0x0000000008000cd0                STK_u8StopTimer
 .text.STK_u8DSInterrupt
                0x0000000008000d04       0x20 ./Systick/SYSTICK_Prog.o
                0x0000000008000d04                STK_u8DSInterrupt
 .text.SysTick_Handler
                0x0000000008000d24       0x34 ./Systick/SYSTICK_Prog.o
                0x0000000008000d24                SysTick_Handler
 .text.UART1_voidInit
                0x0000000008000d58       0x74 ./UART/UART_Prog.o
                0x0000000008000d58                UART1_voidInit
 .text.UART1_u8SendByteBusyw8
                0x0000000008000dcc       0x40 ./UART/UART_Prog.o
                0x0000000008000dcc                UART1_u8SendByteBusyw8
 .text.UART1_u8SendStringBusyW8
                0x0000000008000e0c       0x3c ./UART/UART_Prog.o
                0x0000000008000e0c                UART1_u8SendStringBusyW8
 .text.UART1_u8RecieveByte
                0x0000000008000e48       0x28 ./UART/UART_Prog.o
                0x0000000008000e48                UART1_u8RecieveByte
 .text.UART1_u8EnterruptEnRX
                0x0000000008000e70       0x28 ./UART/UART_Prog.o
                0x0000000008000e70                UART1_u8EnterruptEnRX
 .text.UART1_u8EnterruptCallBackRX
                0x0000000008000e98       0x30 ./UART/UART_Prog.o
                0x0000000008000e98                UART1_u8EnterruptCallBackRX
 .text.USART1_IRQHandler
                0x0000000008000ec8       0x38 ./UART/UART_Prog.o
                0x0000000008000ec8                USART1_IRQHandler
 .text.__libc_init_array
                0x0000000008000f00       0x48 /opt/st/stm32cubeide_1.13.2/plugins/com.st.stm32cube.ide.mcu.externaltools.gnu-tools-for-stm32.11.3.rel1.linux64_1.1.1.202309131626/tools/bin/../lib/gcc/arm-none-eabi/11.3.1/../../../../arm-none-eabi/lib/thumb/v7-m/nofp/libc_nano.a(libc_a-init.o)
                0x0000000008000f00                __libc_init_array
 *(.glue_7)
 .glue_7        0x0000000008000f48        0x0 linker stubs
 *(.glue_7t)
 .glue_7t       0x0000000008000f48        0x0 linker stubs
 *(.eh_frame)
 .eh_frame      0x0000000008000f48        0x0 /opt/st/stm32cubeide_1.13.2/plugins/com.st.stm32cube.ide.mcu.externaltools.gnu-tools-for-stm32.11.3.rel1.linux64_1.1.1.202309131626/tools/bin/../lib/gcc/arm-none-eabi/11.3.1/thumb/v7-m/nofp/crtbegin.o
 *(.init)
 .init          0x0000000008000f48        0x4 /opt/st/stm32cubeide_1.13.2/plugins/com.st.stm32cube.ide.mcu.externaltools.gnu-tools-for-stm32.11.3.rel1.linux64_1.1.1.202309131626/tools/bin/../lib/gcc/arm-none-eabi/11.3.1/thumb/v7-m/nofp/crti.o
                0x0000000008000f48                _init
 .init          0x0000000008000f4c        0x8 /opt/st/stm32cubeide_1.13.2/plugins/com.st.stm32cube.ide.mcu.externaltools.gnu-tools-for-stm32.11.3.rel1.linux64_1.1.1.202309131626/tools/bin/../lib/gcc/arm-none-eabi/11.3.1/thumb/v7-m/nofp/crtn.o
 *(.fini)
 .fini          0x0000000008000f54        0x4 /opt/st/stm32cubeide_1.13.2/plugins/com.st.stm32cube.ide.mcu.externaltools.gnu-tools-for-stm32.11.3.rel1.linux64_1.1.1.202309131626/tools/bin/../lib/gcc/arm-none-eabi/11.3.1/thumb/v7-m/nofp/crti.o
                0x0000000008000f54                _fini
 .fini          0x0000000008000f58        0x8 /opt/st/stm32cubeide_1.13.2/plugins/com.st.stm32cube.ide.mcu.externaltools.gnu-tools-for-stm32.11.3.rel1.linux64_1.1.1.202309131626/tools/bin/../lib/gcc/arm-none-eabi/11.3.1/thumb/v7-m/nofp/crtn.o
                0x0000000008000f60                . = ALIGN (0x4)
                0x0000000008000f60                _etext = .

.vfp11_veneer   0x0000000008000f60        0x0
 .vfp11_veneer  0x0000000008000f60        0x0 linker stubs

.v4_bx          0x0000000008000f60        0x0
 .v4_bx         0x0000000008000f60        0x0 linker stubs

.iplt           0x0000000008000f60        0x0
 .iplt          0x0000000008000f60        0x0 /opt/st/stm32cubeide_1.13.2/plugins/com.st.stm32cube.ide.mcu.externaltools.gnu-tools-for-stm32.11.3.rel1.linux64_1.1.1.202309131626/tools/bin/../lib/gcc/arm-none-eabi/11.3.1/thumb/v7-m/nofp/crtbegin.o

.rodata         0x0000000008000f60       0x74
                0x0000000008000f60                . = ALIGN (0x4)
 *(.rodata)
 .rodata        0x0000000008000f60       0x13 ./Bootloader/Bootloader_Prog.o
 *(.rodata*)
 *fill*         0x0000000008000f73        0x1 
 .rodata.GPIO_Conf_ARR
                0x0000000008000f74       0x60 ./GPIO/GPIO_CONF.o
                0x0000000008000f74                GPIO_Conf_ARR
                0x0000000008000fd4                . = ALIGN (0x4)

.rel.dyn        0x0000000008000fd4        0x0
 .rel.iplt      0x0000000008000fd4        0x0 /opt/st/stm32cubeide_1.13.2/plugins/com.st.stm32cube.ide.mcu.externaltools.gnu-tools-for-stm32.11.3.rel1.linux64_1.1.1.202309131626/tools/bin/../lib/gcc/arm-none-eabi/11.3.1/thumb/v7-m/nofp/crtbegin.o

.ARM.extab      0x0000000008000fd4        0x0
                0x0000000008000fd4                . = ALIGN (0x4)
 *(.ARM.extab* .gnu.linkonce.armextab.*)
                0x0000000008000fd4                . = ALIGN (0x4)

.ARM            0x0000000008000fd4        0x0
                0x0000000008000fd4                . = ALIGN (0x4)
                0x0000000008000fd4                __exidx_start = .
 *(.ARM.exidx*)
                0x0000000008000fd4                __exidx_end = .
                0x0000000008000fd4                . = ALIGN (0x4)

.preinit_array  0x0000000008000fd4        0x0
                0x0000000008000fd4                . = ALIGN (0x4)
                0x0000000008000fd4                PROVIDE (__preinit_array_start = .)
 *(.preinit_array*)
                0x0000000008000fd4                PROVIDE (__preinit_array_end = .)
                0x0000000008000fd4                . = ALIGN (0x4)

.init_array     0x0000000008000fd4        0x4
                0x0000000008000fd4                . = ALIGN (0x4)
                0x0000000008000fd4                PROVIDE (__init_array_start = .)
 *(SORT_BY_NAME(.init_array.*))
 *(.init_array*)
 .init_array    0x0000000008000fd4        0x4 /opt/st/stm32cubeide_1.13.2/plugins/com.st.stm32cube.ide.mcu.externaltools.gnu-tools-for-stm32.11.3.rel1.linux64_1.1.1.202309131626/tools/bin/../lib/gcc/arm-none-eabi/11.3.1/thumb/v7-m/nofp/crtbegin.o
                0x0000000008000fd8                PROVIDE (__init_array_end = .)
                0x0000000008000fd8                . = ALIGN (0x4)

.fini_array     0x0000000008000fd8        0x4
                0x0000000008000fd8                . = ALIGN (0x4)
                [!provide]                        PROVIDE (__fini_array_start = .)
 *(SORT_BY_NAME(.fini_array.*))
 *(.fini_array*)
 .fini_array    0x0000000008000fd8        0x4 /opt/st/stm32cubeide_1.13.2/plugins/com.st.stm32cube.ide.mcu.externaltools.gnu-tools-for-stm32.11.3.rel1.linux64_1.1.1.202309131626/tools/bin/../lib/gcc/arm-none-eabi/11.3.1/thumb/v7-m/nofp/crtbegin.o
                [!provide]                        PROVIDE (__fini_array_end = .)
                0x0000000008000fdc                . = ALIGN (0x4)
                0x0000000008000fdc                _sidata = LOADADDR (.data)

.data           0x0000000020000000        0x4 load address 0x0000000008000fdc
                0x0000000020000000                . = ALIGN (0x4)
                0x0000000020000000                _sdata = .
 *(.data)
 *(.data*)
 .data.Flash_lock
                0x0000000020000000        0x1 ./Bootloader/Bootloader_Prog.o
                0x0000000020000000                Flash_lock
 .data.datalast.1
                0x0000000020000001        0x1 ./Bootloader/Bootloader_Prog.o
 *(.RamFunc)
 *(.RamFunc*)
                0x0000000020000004                . = ALIGN (0x4)
 *fill*         0x0000000020000002        0x2 
                0x0000000020000004                _edata = .

.igot.plt       0x0000000020000004        0x0 load address 0x0000000008000fe0
 .igot.plt      0x0000000020000004        0x0 /opt/st/stm32cubeide_1.13.2/plugins/com.st.stm32cube.ide.mcu.externaltools.gnu-tools-for-stm32.11.3.rel1.linux64_1.1.1.202309131626/tools/bin/../lib/gcc/arm-none-eabi/11.3.1/thumb/v7-m/nofp/crtbegin.o
                0x0000000020000004                . = ALIGN (0x4)

.bss            0x0000000020000004       0xc4 load address 0x0000000008000fe0
                0x0000000020000004                _sbss = .
                0x0000000020000004                __bss_start__ = _sbss
 *(.bss)
 .bss           0x0000000020000004       0x1c /opt/st/stm32cubeide_1.13.2/plugins/com.st.stm32cube.ide.mcu.externaltools.gnu-tools-for-stm32.11.3.rel1.linux64_1.1.1.202309131626/tools/bin/../lib/gcc/arm-none-eabi/11.3.1/thumb/v7-m/nofp/crtbegin.o
 *(.bss*)
 .bss.arr       0x0000000020000020       0x64 ./Bootloader/Bootloader_Prog.o
                0x0000000020000020                arr
 .bss.Stack_ptr
                0x0000000020000084        0x1 ./Bootloader/Bootloader_Prog.o
                0x0000000020000084                Stack_ptr
 *fill*         0x0000000020000085        0x1 
 .bss.data      0x0000000020000086        0x2 ./Bootloader/Bootloader_Prog.o
                0x0000000020000086                data
 .bss.RedesignHexdata
                0x0000000020000088       0x28 ./Bootloader/Bootloader_Prog.o
                0x0000000020000088                RedesignHexdata
 .bss.dataReciev
                0x00000000200000b0        0x1 ./Bootloader/Bootloader_Prog.o
                0x00000000200000b0                dataReciev
 *fill*         0x00000000200000b1        0x3 
 .bss.FlagCounter
                0x00000000200000b4        0x4 ./Bootloader/Bootloader_Prog.o
                0x00000000200000b4                FlagCounter
 .bss.data1.0   0x00000000200000b8        0x1 ./Bootloader/Bootloader_Prog.o
 *fill*         0x00000000200000b9        0x3 
 .bss.STK_PtrCallBack
                0x00000000200000bc        0x4 ./Systick/SYSTICK_Prog.o
 .bss.STK_CHAECK_PERODIC
                0x00000000200000c0        0x1 ./Systick/SYSTICK_Prog.o
 .bss.STK_ProtectionFlage
                0x00000000200000c1        0x1 ./Systick/SYSTICK_Prog.o
 *fill*         0x00000000200000c2        0x2 
 .bss.GlobalRX  0x00000000200000c4        0x4 ./UART/UART_Prog.o
 *(COMMON)
                0x00000000200000c8                . = ALIGN (0x4)
                0x00000000200000c8                _ebss = .
                0x00000000200000c8                __bss_end__ = _ebss

._user_heap_stack
                0x00000000200000c8      0x600 load address 0x0000000008000fe0
                0x00000000200000c8                . = ALIGN (0x8)
                [!provide]                        PROVIDE (end = .)
                0x00000000200000c8                PROVIDE (_end = .)
                0x00000000200002c8                . = (. + _Min_Heap_Size)
 *fill*         0x00000000200000c8      0x200 
                0x00000000200006c8                . = (. + _Min_Stack_Size)
 *fill*         0x00000000200002c8      0x400 
                0x00000000200006c8                . = ALIGN (0x8)

/DISCARD/
 libc.a(*)
 libm.a(*)
 libgcc.a(*)

.ARM.attributes
                0x0000000000000000       0x29
 *(.ARM.attributes)
 .ARM.attributes
                0x0000000000000000       0x1d /opt/st/stm32cubeide_1.13.2/plugins/com.st.stm32cube.ide.mcu.externaltools.gnu-tools-for-stm32.11.3.rel1.linux64_1.1.1.202309131626/tools/bin/../lib/gcc/arm-none-eabi/11.3.1/thumb/v7-m/nofp/crti.o
 .ARM.attributes
                0x000000000000001d       0x2d /opt/st/stm32cubeide_1.13.2/plugins/com.st.stm32cube.ide.mcu.externaltools.gnu-tools-for-stm32.11.3.rel1.linux64_1.1.1.202309131626/tools/bin/../lib/gcc/arm-none-eabi/11.3.1/thumb/v7-m/nofp/crtbegin.o
 .ARM.attributes
                0x000000000000004a       0x2d ./Bootloader/Bootloader_Prog.o
 .ARM.attributes
                0x0000000000000077       0x2d ./Flash/FLASH_Prog.o
 .ARM.attributes
                0x00000000000000a4       0x2d ./GPIO/GPIO_CONF.o
 .ARM.attributes
                0x00000000000000d1       0x2d ./GPIO/GPIO_Prog.o
 .ARM.attributes
                0x00000000000000fe       0x2d ./HexServ/HexServ_Prog.o
 .ARM.attributes
                0x000000000000012b       0x2d ./NVIC/NVIC_Prog.o
 .ARM.attributes
                0x0000000000000158       0x2d ./RCC/RCC_Prog.o
 .ARM.attributes
                0x0000000000000185       0x2d ./Src/main.o
 .ARM.attributes
                0x00000000000001b2       0x21 ./Startup/startup_stm32f103c8tx.o
 .ARM.attributes
                0x00000000000001d3       0x2d ./Systick/SYSTICK_Prog.o
 .ARM.attributes
                0x0000000000000200       0x2d ./UART/UART_Prog.o
 .ARM.attributes
                0x000000000000022d       0x2d /opt/st/stm32cubeide_1.13.2/plugins/com.st.stm32cube.ide.mcu.externaltools.gnu-tools-for-stm32.11.3.rel1.linux64_1.1.1.202309131626/tools/bin/../lib/gcc/arm-none-eabi/11.3.1/../../../../arm-none-eabi/lib/thumb/v7-m/nofp/libc_nano.a(libc_a-init.o)
 .ARM.attributes
                0x000000000000025a       0x1d /opt/st/stm32cubeide_1.13.2/plugins/com.st.stm32cube.ide.mcu.externaltools.gnu-tools-for-stm32.11.3.rel1.linux64_1.1.1.202309131626/tools/bin/../lib/gcc/arm-none-eabi/11.3.1/thumb/v7-m/nofp/crtn.o
OUTPUT(NTI4month.elf elf32-littlearm)
LOAD linker stubs
LOAD /opt/st/stm32cubeide_1.13.2/plugins/com.st.stm32cube.ide.mcu.externaltools.gnu-tools-for-stm32.11.3.rel1.linux64_1.1.1.202309131626/tools/bin/../lib/gcc/arm-none-eabi/11.3.1/../../../../arm-none-eabi/lib/thumb/v7-m/nofp/libc.a
LOAD /opt/st/stm32cubeide_1.13.2/plugins/com.st.stm32cube.ide.mcu.externaltools.gnu-tools-for-stm32.11.3.rel1.linux64_1.1.1.202309131626/tools/bin/../lib/gcc/arm-none-eabi/11.3.1/../../../../arm-none-eabi/lib/thumb/v7-m/nofp/libm.a
LOAD /opt/st/stm32cubeide_1.13.2/plugins/com.st.stm32cube.ide.mcu.externaltools.gnu-tools-for-stm32.11.3.rel1.linux64_1.1.1.202309131626/tools/bin/../lib/gcc/arm-none-eabi/11.3.1/thumb/v7-m/nofp/libgcc.a

.comment        0x0000000000000000       0x43
 .comment       0x0000000000000000       0x43 /opt/st/stm32cubeide_1.13.2/plugins/com.st.stm32cube.ide.mcu.externaltools.gnu-tools-for-stm32.11.3.rel1.linux64_1.1.1.202309131626/tools/bin/../lib/gcc/arm-none-eabi/11.3.1/thumb/v7-m/nofp/crtbegin.o
                                         0x44 (size before relaxing)
 .comment       0x0000000000000043       0x44 ./Bootloader/Bootloader_Prog.o
 .comment       0x0000000000000043       0x44 ./Flash/FLASH_Prog.o
 .comment       0x0000000000000043       0x44 ./GPIO/GPIO_CONF.o
 .comment       0x0000000000000043       0x44 ./GPIO/GPIO_Prog.o
 .comment       0x0000000000000043       0x44 ./HexServ/HexServ_Prog.o
 .comment       0x0000000000000043       0x44 ./NVIC/NVIC_Prog.o
 .comment       0x0000000000000043       0x44 ./RCC/RCC_Prog.o
 .comment       0x0000000000000043       0x44 ./Src/main.o
 .comment       0x0000000000000043       0x44 ./Systick/SYSTICK_Prog.o
 .comment       0x0000000000000043       0x44 ./UART/UART_Prog.o

.debug_info     0x0000000000000000     0x2d83
 .debug_info    0x0000000000000000      0x924 ./Bootloader/Bootloader_Prog.o
 .debug_info    0x0000000000000924      0x37a ./Flash/FLASH_Prog.o
 .debug_info    0x0000000000000c9e      0x200 ./GPIO/GPIO_CONF.o
 .debug_info    0x0000000000000e9e      0x6fb ./GPIO/GPIO_Prog.o
 .debug_info    0x0000000000001599      0x267 ./HexServ/HexServ_Prog.o
 .debug_info    0x0000000000001800      0x51a ./NVIC/NVIC_Prog.o
 .debug_info    0x0000000000001d1a      0x39a ./RCC/RCC_Prog.o
 .debug_info    0x00000000000020b4      0x3c1 ./Src/main.o
 .debug_info    0x0000000000002475       0x23 ./Startup/startup_stm32f103c8tx.o
 .debug_info    0x0000000000002498      0x369 ./Systick/SYSTICK_Prog.o
 .debug_info    0x0000000000002801      0x582 ./UART/UART_Prog.o

.debug_abbrev   0x0000000000000000      0xbcf
 .debug_abbrev  0x0000000000000000      0x1df ./Bootloader/Bootloader_Prog.o
 .debug_abbrev  0x00000000000001df      0x11f ./Flash/FLASH_Prog.o
 .debug_abbrev  0x00000000000002fe       0xa4 ./GPIO/GPIO_CONF.o
 .debug_abbrev  0x00000000000003a2      0x15d ./GPIO/GPIO_Prog.o
 .debug_abbrev  0x00000000000004ff       0xb9 ./HexServ/HexServ_Prog.o
 .debug_abbrev  0x00000000000005b8      0x118 ./NVIC/NVIC_Prog.o
 .debug_abbrev  0x00000000000006d0       0xec ./RCC/RCC_Prog.o
 .debug_abbrev  0x00000000000007bc       0xf4 ./Src/main.o
 .debug_abbrev  0x00000000000008b0       0x12 ./Startup/startup_stm32f103c8tx.o
 .debug_abbrev  0x00000000000008c2      0x14f ./Systick/SYSTICK_Prog.o
 .debug_abbrev  0x0000000000000a11      0x1be ./UART/UART_Prog.o

.debug_aranges  0x0000000000000000      0x378
 .debug_aranges
                0x0000000000000000       0x48 ./Bootloader/Bootloader_Prog.o
 .debug_aranges
                0x0000000000000048       0x60 ./Flash/FLASH_Prog.o
 .debug_aranges
                0x00000000000000a8       0x18 ./GPIO/GPIO_CONF.o
 .debug_aranges
                0x00000000000000c0       0x80 ./GPIO/GPIO_Prog.o
 .debug_aranges
                0x0000000000000140       0x38 ./HexServ/HexServ_Prog.o
 .debug_aranges
                0x0000000000000178       0x50 ./NVIC/NVIC_Prog.o
 .debug_aranges
                0x00000000000001c8       0x38 ./RCC/RCC_Prog.o
 .debug_aranges
                0x0000000000000200       0x20 ./Src/main.o
 .debug_aranges
                0x0000000000000220       0x28 ./Startup/startup_stm32f103c8tx.o
 .debug_aranges
                0x0000000000000248       0x80 ./Systick/SYSTICK_Prog.o
 .debug_aranges
                0x00000000000002c8       0xb0 ./UART/UART_Prog.o

.debug_rnglists
                0x0000000000000000      0x26b
 .debug_rnglists
                0x0000000000000000       0x33 ./Bootloader/Bootloader_Prog.o
 .debug_rnglists
                0x0000000000000033       0x44 ./Flash/FLASH_Prog.o
 .debug_rnglists
                0x0000000000000077       0x66 ./GPIO/GPIO_Prog.o
 .debug_rnglists
                0x00000000000000dd       0x28 ./HexServ/HexServ_Prog.o
 .debug_rnglists
                0x0000000000000105       0x37 ./NVIC/NVIC_Prog.o
 .debug_rnglists
                0x000000000000013c       0x27 ./RCC/RCC_Prog.o
 .debug_rnglists
                0x0000000000000163       0x13 ./Src/main.o
 .debug_rnglists
                0x0000000000000176       0x19 ./Startup/startup_stm32f103c8tx.o
 .debug_rnglists
                0x000000000000018f       0x5b ./Systick/SYSTICK_Prog.o
 .debug_rnglists
                0x00000000000001ea       0x81 ./UART/UART_Prog.o

.debug_line     0x0000000000000000     0x1b5f
 .debug_line    0x0000000000000000      0x300 ./Bootloader/Bootloader_Prog.o
 .debug_line    0x0000000000000300      0x27b ./Flash/FLASH_Prog.o
 .debug_line    0x000000000000057b       0x67 ./GPIO/GPIO_CONF.o
 .debug_line    0x00000000000005e2      0x6e3 ./GPIO/GPIO_Prog.o
 .debug_line    0x0000000000000cc5      0x31b ./HexServ/HexServ_Prog.o
 .debug_line    0x0000000000000fe0      0x1c6 ./NVIC/NVIC_Prog.o
 .debug_line    0x00000000000011a6      0x13a ./RCC/RCC_Prog.o
 .debug_line    0x00000000000012e0      0x10c ./Src/main.o
 .debug_line    0x00000000000013ec       0x7b ./Startup/startup_stm32f103c8tx.o
 .debug_line    0x0000000000001467      0x295 ./Systick/SYSTICK_Prog.o
 .debug_line    0x00000000000016fc      0x463 ./UART/UART_Prog.o

.debug_str      0x0000000000000000     0x1938
 .debug_str     0x0000000000000000      0xcf2 ./Bootloader/Bootloader_Prog.o
                                        0xd3b (size before relaxing)
 .debug_str     0x0000000000000cf2      0x1a3 ./Flash/FLASH_Prog.o
                                        0x3c4 (size before relaxing)
 .debug_str     0x0000000000000e95       0x47 ./GPIO/GPIO_CONF.o
                                        0x321 (size before relaxing)
 .debug_str     0x0000000000000edc      0x1fb ./GPIO/GPIO_Prog.o
                                        0x544 (size before relaxing)
 .debug_str     0x00000000000010d7      0x142 ./HexServ/HexServ_Prog.o
                                        0x2ce (size before relaxing)
 .debug_str     0x0000000000001219      0x1d2 ./NVIC/NVIC_Prog.o
                                        0x7d5 (size before relaxing)
 .debug_str     0x00000000000013eb      0x170 ./RCC/RCC_Prog.o
                                        0x579 (size before relaxing)
 .debug_str     0x000000000000155b       0x1e ./Src/main.o
                                        0x5e5 (size before relaxing)
 .debug_str     0x0000000000001579       0x2f ./Startup/startup_stm32f103c8tx.o
                                         0x61 (size before relaxing)
 .debug_str     0x00000000000015a8      0x195 ./Systick/SYSTICK_Prog.o
                                        0x341 (size before relaxing)
 .debug_str     0x000000000000173d      0x1fb ./UART/UART_Prog.o
                                        0x452 (size before relaxing)

.debug_frame    0x0000000000000000      0xbd8
 .debug_frame   0x0000000000000000       0xd8 ./Bootloader/Bootloader_Prog.o
 .debug_frame   0x00000000000000d8      0x170 ./Flash/FLASH_Prog.o
 .debug_frame   0x0000000000000248      0x214 ./GPIO/GPIO_Prog.o
 .debug_frame   0x000000000000045c       0xb0 ./HexServ/HexServ_Prog.o
 .debug_frame   0x000000000000050c      0x120 ./NVIC/NVIC_Prog.o
 .debug_frame   0x000000000000062c       0xa8 ./RCC/RCC_Prog.o
 .debug_frame   0x00000000000006d4       0x2c ./Src/main.o
 .debug_frame   0x0000000000000700      0x1dc ./Systick/SYSTICK_Prog.o
 .debug_frame   0x00000000000008dc      0x2d0 ./UART/UART_Prog.o
 .debug_frame   0x0000000000000bac       0x2c /opt/st/stm32cubeide_1.13.2/plugins/com.st.stm32cube.ide.mcu.externaltools.gnu-tools-for-stm32.11.3.rel1.linux64_1.1.1.202309131626/tools/bin/../lib/gcc/arm-none-eabi/11.3.1/../../../../arm-none-eabi/lib/thumb/v7-m/nofp/libc_nano.a(libc_a-init.o)

.debug_line_str
                0x0000000000000000       0x55
 .debug_line_str
                0x0000000000000000       0x55 ./Startup/startup_stm32f103c8tx.o
                                         0x6d (size before relaxing)
