../Systick/SYSTICK_Prog.c:18:9:STK_u8Init	4	static
../Systick/SYSTICK_Prog.c:34:9:STK_u8SetBusyWait	24	static
../Systick/SYSTICK_Prog.c:57:9:STK_u8SetIntervalSingleOV	24	static
../Systick/SYSTICK_Prog.c:82:9:STK_u8SetIntervalSingle	24	static
../Systick/SYSTICK_Prog.c:108:9:STK_u8SetIntervalPeriodic	24	static
../Systick/SYSTICK_Prog.c:129:9:STK_u8StopTimer	16	static
../Systick/SYSTICK_Prog.c:140:9:STK_u8StartTimer	16	static
../Systick/SYSTICK_Prog.c:147:9:STK_u8SpentTimer	24	static
../Systick/SYSTICK_Prog.c:154:9:STK_u8GetRemining	24	static
../Systick/SYSTICK_Prog.c:161:9:STK_u8ENInterrupt	4	static
../Systick/SYSTICK_Prog.c:166:9:STK_u8DSInterrupt	4	static
../Systick/SYSTICK_Prog.c:170:9:STK_u8SetCallBack	24	static
../Systick/SYSTICK_Prog.c:179:6:SysTick_Handler	8	static
