../EXIT/EXTI_Prog.c:17:9:EXTI_u8Setter_IRQ	24	static
../EXIT/EXTI_Prog.c:30:9:EXTI_u8Iint	4	static
../EXIT/EXTI_Prog.c:120:9:EXTI_u8En	24	static
../EXIT/EXTI_Prog.c:130:9:EXTI_u8Ds	24	static
../EXIT/EXTI_Prog.c:140:9:EXTI_u8SW_interrupt	24	static
../EXIT/EXTI_Prog.c:150:9:EXTI_u8Set_pend	24	static
../EXIT/EXTI_Prog.c:160:9:EXTI_u8Read_pend	24	static
../EXIT/EXTI_Prog.c:169:9:EXTI_u8CLR_pend	24	static
../EXIT/EXTI_Prog.c:179:9:EXTI_u8Set_Inturrupt_latch	24	static
../EXIT/EXTI_Prog.c:209:6:EXTI0_IRQHandler	8	static
../EXIT/EXTI_Prog.c:215:6:EXTI1_IRQHandler	8	static
../EXIT/EXTI_Prog.c:221:6:EXTI2_IRQHandler	8	static
../EXIT/EXTI_Prog.c:227:6:EXTI3_IRQHandler	8	static
../EXIT/EXTI_Prog.c:233:6:EXTI4_IRQHandler	8	static
../EXIT/EXTI_Prog.c:239:6:EXTI9_5_IRQHandler	8	static
../EXIT/EXTI_Prog.c:278:6:EXTI15_10_IRQHandler	8	static
