Archive member included to satisfy reference by file (symbol)

/opt/st/stm32cubeide_1.13.2/plugins/com.st.stm32cube.ide.mcu.externaltools.gnu-tools-for-stm32.11.3.rel1.linux64_1.1.1.202309131626/tools/bin/../lib/gcc/arm-none-eabi/11.3.1/../../../../arm-none-eabi/lib/thumb/v7-m/nofp/libc_nano.a(libc_a-exit.o)
                              /opt/st/stm32cubeide_1.13.2/plugins/com.st.stm32cube.ide.mcu.externaltools.gnu-tools-for-stm32.11.3.rel1.linux64_1.1.1.202309131626/tools/bin/../lib/gcc/arm-none-eabi/11.3.1/../../../../arm-none-eabi/lib/thumb/v7-m/nofp/crt0.o (exit)
/opt/st/stm32cubeide_1.13.2/plugins/com.st.stm32cube.ide.mcu.externaltools.gnu-tools-for-stm32.11.3.rel1.linux64_1.1.1.202309131626/tools/bin/../lib/gcc/arm-none-eabi/11.3.1/../../../../arm-none-eabi/lib/thumb/v7-m/nofp/libc_nano.a(libc_a-findfp.o)
                              /opt/st/stm32cubeide_1.13.2/plugins/com.st.stm32cube.ide.mcu.externaltools.gnu-tools-for-stm32.11.3.rel1.linux64_1.1.1.202309131626/tools/bin/../lib/gcc/arm-none-eabi/11.3.1/../../../../arm-none-eabi/lib/thumb/v7-m/nofp/libc_nano.a(libc_a-exit.o) (__stdio_exit_handler)
/opt/st/stm32cubeide_1.13.2/plugins/com.st.stm32cube.ide.mcu.externaltools.gnu-tools-for-stm32.11.3.rel1.linux64_1.1.1.202309131626/tools/bin/../lib/gcc/arm-none-eabi/11.3.1/../../../../arm-none-eabi/lib/thumb/v7-m/nofp/libc_nano.a(libc_a-fwalk.o)
                              /opt/st/stm32cubeide_1.13.2/plugins/com.st.stm32cube.ide.mcu.externaltools.gnu-tools-for-stm32.11.3.rel1.linux64_1.1.1.202309131626/tools/bin/../lib/gcc/arm-none-eabi/11.3.1/../../../../arm-none-eabi/lib/thumb/v7-m/nofp/libc_nano.a(libc_a-findfp.o) (_fwalk_sglue)
/opt/st/stm32cubeide_1.13.2/plugins/com.st.stm32cube.ide.mcu.externaltools.gnu-tools-for-stm32.11.3.rel1.linux64_1.1.1.202309131626/tools/bin/../lib/gcc/arm-none-eabi/11.3.1/../../../../arm-none-eabi/lib/thumb/v7-m/nofp/libc_nano.a(libc_a-stdio.o)
                              /opt/st/stm32cubeide_1.13.2/plugins/com.st.stm32cube.ide.mcu.externaltools.gnu-tools-for-stm32.11.3.rel1.linux64_1.1.1.202309131626/tools/bin/../lib/gcc/arm-none-eabi/11.3.1/../../../../arm-none-eabi/lib/thumb/v7-m/nofp/libc_nano.a(libc_a-findfp.o) (__sread)
/opt/st/stm32cubeide_1.13.2/plugins/com.st.stm32cube.ide.mcu.externaltools.gnu-tools-for-stm32.11.3.rel1.linux64_1.1.1.202309131626/tools/bin/../lib/gcc/arm-none-eabi/11.3.1/../../../../arm-none-eabi/lib/thumb/v7-m/nofp/libc_nano.a(libc_a-memset.o)
                              /opt/st/stm32cubeide_1.13.2/plugins/com.st.stm32cube.ide.mcu.externaltools.gnu-tools-for-stm32.11.3.rel1.linux64_1.1.1.202309131626/tools/bin/../lib/gcc/arm-none-eabi/11.3.1/../../../../arm-none-eabi/lib/thumb/v7-m/nofp/crt0.o (memset)
/opt/st/stm32cubeide_1.13.2/plugins/com.st.stm32cube.ide.mcu.externaltools.gnu-tools-for-stm32.11.3.rel1.linux64_1.1.1.202309131626/tools/bin/../lib/gcc/arm-none-eabi/11.3.1/../../../../arm-none-eabi/lib/thumb/v7-m/nofp/libc_nano.a(libc_a-closer.o)
                              /opt/st/stm32cubeide_1.13.2/plugins/com.st.stm32cube.ide.mcu.externaltools.gnu-tools-for-stm32.11.3.rel1.linux64_1.1.1.202309131626/tools/bin/../lib/gcc/arm-none-eabi/11.3.1/../../../../arm-none-eabi/lib/thumb/v7-m/nofp/libc_nano.a(libc_a-stdio.o) (_close_r)
/opt/st/stm32cubeide_1.13.2/plugins/com.st.stm32cube.ide.mcu.externaltools.gnu-tools-for-stm32.11.3.rel1.linux64_1.1.1.202309131626/tools/bin/../lib/gcc/arm-none-eabi/11.3.1/../../../../arm-none-eabi/lib/thumb/v7-m/nofp/libc_nano.a(libc_a-reent.o)
                              /opt/st/stm32cubeide_1.13.2/plugins/com.st.stm32cube.ide.mcu.externaltools.gnu-tools-for-stm32.11.3.rel1.linux64_1.1.1.202309131626/tools/bin/../lib/gcc/arm-none-eabi/11.3.1/../../../../arm-none-eabi/lib/thumb/v7-m/nofp/libc_nano.a(libc_a-closer.o) (errno)
/opt/st/stm32cubeide_1.13.2/plugins/com.st.stm32cube.ide.mcu.externaltools.gnu-tools-for-stm32.11.3.rel1.linux64_1.1.1.202309131626/tools/bin/../lib/gcc/arm-none-eabi/11.3.1/../../../../arm-none-eabi/lib/thumb/v7-m/nofp/libc_nano.a(libc_a-impure.o)
                              /opt/st/stm32cubeide_1.13.2/plugins/com.st.stm32cube.ide.mcu.externaltools.gnu-tools-for-stm32.11.3.rel1.linux64_1.1.1.202309131626/tools/bin/../lib/gcc/arm-none-eabi/11.3.1/../../../../arm-none-eabi/lib/thumb/v7-m/nofp/libc_nano.a(libc_a-reent.o) (_impure_ptr)
/opt/st/stm32cubeide_1.13.2/plugins/com.st.stm32cube.ide.mcu.externaltools.gnu-tools-for-stm32.11.3.rel1.linux64_1.1.1.202309131626/tools/bin/../lib/gcc/arm-none-eabi/11.3.1/../../../../arm-none-eabi/lib/thumb/v7-m/nofp/libc_nano.a(libc_a-lseekr.o)
                              /opt/st/stm32cubeide_1.13.2/plugins/com.st.stm32cube.ide.mcu.externaltools.gnu-tools-for-stm32.11.3.rel1.linux64_1.1.1.202309131626/tools/bin/../lib/gcc/arm-none-eabi/11.3.1/../../../../arm-none-eabi/lib/thumb/v7-m/nofp/libc_nano.a(libc_a-stdio.o) (_lseek_r)
[...]
Memory Configuration

Name             Origin             Length             Attributes
RAM              0x0000000020000000 0x0000000000005000 xrw
FLASH            0x0000000008000000 0x0000000000004000 xr
*default*        0x0000000000000000 0xffffffffffffffff

Linker script and memory map

LOAD /opt/st/stm32cubeide_1.13.2/plugins/com.st.stm32cube.ide.mcu.externaltools.gnu-tools-for-stm32.11.3.rel1.linux64_1.1.1.202309131626/tools/bin/../lib/gcc/arm-none-eabi/11.3.1/thumb/v7-m/nofp/crti.o
LOAD /opt/st/stm32cubeide_1.13.2/plugins/com.st.stm32cube.ide.mcu.externaltools.gnu-tools-for-stm32.11.3.rel1.linux64_1.1.1.202309131626/tools/bin/../lib/gcc/arm-none-eabi/11.3.1/thumb/v7-m/nofp/crtbegin.o
LOAD /opt/st/stm32cubeide_1.13.2/plugins/com.st.stm32cube.ide.mcu.externaltools.gnu-tools-for-stm32.11.3.rel1.linux64_1.1.1.202309131626/tools/bin/../lib/gcc/arm-none-eabi/11.3.1/../../../../arm-none-eabi/lib/thumb/v7-m/nofp/crt0.o
LOAD ./Bootloader/Bootloader_Prog.o
LOAD ./CRC/CRC_Prog.o
LOAD ./DELAY/Delay.o
LOAD ./Flash/FLASH_Prog.o
LOAD ./GPIO/GPIO_CONF.o
LOAD ./GPIO/GPIO_Prog.o
LOAD ./HexServ/HexServ_Prog.o
LOAD ./NVIC/NVIC_Prog.o
LOAD ./RCC/RCC_Prog.o
LOAD ./Src/main.o
LOAD ./Src/syscalls.o
LOAD ./Src/sysmem.o
LOAD ./Startup/startup_stm32f103c8tx.o
LOAD ./Systick/SYSTICK_Prog.o
LOAD ./UART/UART_Prog.o
START GROUP
LOAD /opt/st/stm32cubeide_1.13.2/plugins/com.st.stm32cube.ide.mcu.externaltools.gnu-tools-for-stm32.11.3.rel1.linux64_1.1.1.202309131626/tools/bin/../lib/gcc/arm-none-eabi/11.3.1/../../../../arm-none-eabi/lib/thumb/v7-m/nofp/libc_nano.a
LOAD /opt/st/stm32cubeide_1.13.2/plugins/com.st.stm32cube.ide.mcu.externaltools.gnu-tools-for-stm32.11.3.rel1.linux64_1.1.1.202309131626/tools/bin/../lib/gcc/arm-none-eabi/11.3.1/../../../../arm-none-eabi/lib/thumb/v7-m/nofp/libm.a
END GROUP
START GROUP
LOAD /opt/st/stm32cubeide_1.13.2/plugins/com.st.stm32cube.ide.mcu.externaltools.gnu-tools-for-stm32.11.3.rel1.linux64_1.1.1.202309131626/tools/bin/../lib/gcc/arm-none-eabi/11.3.1/thumb/v7-m/nofp/libgcc.a
LOAD /opt/st/stm32cubeide_1.13.2/plugins/com.st.stm32cube.ide.mcu.externaltools.gnu-tools-for-stm32.11.3.rel1.linux64_1.1.1.202309131626/tools/bin/../lib/gcc/arm-none-eabi/11.3.1/../../../../arm-none-eabi/lib/thumb/v7-m/nofp/libc_nano.a
END GROUP
START GROUP
LOAD /opt/st/stm32cubeide_1.13.2/plugins/com.st.stm32cube.ide.mcu.externaltools.gnu-tools-for-stm32.11.3.rel1.linux64_1.1.1.202309131626/tools/bin/../lib/gcc/arm-none-eabi/11.3.1/thumb/v7-m/nofp/libgcc.a
LOAD /opt/st/stm32cubeide_1.13.2/plugins/com.st.stm32cube.ide.mcu.externaltools.gnu-tools-for-stm32.11.3.rel1.linux64_1.1.1.202309131626/tools/bin/../lib/gcc/arm-none-eabi/11.3.1/../../../../arm-none-eabi/lib/thumb/v7-m/nofp/libc_nano.a
LOAD /opt/st/stm32cubeide_1.13.2/plugins/com.st.stm32cube.ide.mcu.externaltools.gnu-tools-for-stm32.11.3.rel1.linux64_1.1.1.202309131626/tools/bin/../lib/gcc/arm-none-eabi/11.3.1/../../../../arm-none-eabi/lib/thumb/v7-m/nofp/libnosys.a
END GROUP
START GROUP
LOAD /opt/st/stm32cubeide_1.13.2/plugins/com.st.stm32cube.ide.mcu.externaltools.gnu-tools-for-stm32.11.3.rel1.linux64_1.1.1.202309131626/tools/bin/../lib/gcc/arm-none-eabi/11.3.1/thumb/v7-m/nofp/libgcc.a
LOAD /opt/st/stm32cubeide_1.13.2/plugins/com.st.stm32cube.ide.mcu.externaltools.gnu-tools-for-stm32.11.3.rel1.linux64_1.1.1.202309131626/tools/bin/../lib/gcc/arm-none-eabi/11.3.1/../../../../arm-none-eabi/lib/thumb/v7-m/nofp/libc_nano.a
LOAD /opt/st/stm32cubeide_1.13.2/plugins/com.st.stm32cube.ide.mcu.externaltools.gnu-tools-for-stm32.11.3.rel1.linux64_1.1.1.202309131626/tools/bin/../lib/gcc/arm-none-eabi/11.3.1/../../../../arm-none-eabi/lib/thumb/v7-m/nofp/libnosys.a
END GROUP
LOAD /opt/st/stm32cubeide_1.13.2/plugins/com.st.stm32cube.ide.mcu.externaltools.gnu-tools-for-stm32.11.3.rel1.linux64_1.1.1.202309131626/tools/bin/../lib/gcc/arm-none-eabi/11.3.1/thumb/v7-m/nofp/crtend.o
LOAD /opt/st/stm32cubeide_1.13.2/plugins/com.st.stm32cube.ide.mcu.externaltools.gnu-tools-for-stm32.11.3.rel1.linux64_1.1.1.202309131626/tools/bin/../lib/gcc/arm-none-eabi/11.3.1/thumb/v7-m/nofp/crtn.o
                0x0000000020005000                _estack = (ORIGIN (RAM) + LENGTH (RAM))
                0x0000000000000200                _Min_Heap_Size = 0x200
                0x0000000000000400                _Min_Stack_Size = 0x400

.isr_vector     0x0000000008000000      0x130
                0x0000000008000000                . = ALIGN (0x4)
 *(.isr_vector)
 .isr_vector    0x0000000008000000      0x130 ./Startup/startup_stm32f103c8tx.o
                0x0000000008000000                g_pfnVectors
                0x0000000008000130                . = ALIGN (0x4)

.text           0x0000000008000130     0x16d8
                0x0000000008000130                . = ALIGN (0x4)
 *(.text)
 .text          0x0000000008000130       0x40 /opt/st/stm32cubeide_1.13.2/plugins/com.st.stm32cube.ide.mcu.externaltools.gnu-tools-for-stm32.11.3.rel1.linux64_1.1.1.202309131626/tools/bin/../lib/gcc/arm-none-eabi/11.3.1/thumb/v7-m/nofp/crtbegin.o
 *(.text*)
 .text.DMB      0x0000000008000170       0x10 ./Bootloader/Bootloader_Prog.o
                0x0000000008000170                DMB
 .text.Bootloader_Init
                0x0000000008000180       0x2c ./Bootloader/Bootloader_Prog.o
                0x0000000008000180                Bootloader_Init
 .text.Bootloader_Jump_To_Application
                0x00000000080001ac       0x94 ./Bootloader/Bootloader_Prog.o
                0x00000000080001ac                Bootloader_Jump_To_Application
 .text.Bootloader_Jump_To_FactoryApplication
                0x0000000008000240       0x94 ./Bootloader/Bootloader_Prog.o
                0x0000000008000240                Bootloader_Jump_To_FactoryApplication
 .text.Bootloader_voidfReciveFlash
                0x00000000080002d4      0x1bc ./Bootloader/Bootloader_Prog.o
                0x00000000080002d4                Bootloader_voidfReciveFlash
 .text.BootLocationEreas
                0x0000000008000490       0x4c ./Bootloader/Bootloader_Prog.o
                0x0000000008000490                BootLocationEreas
 .text.Bootloader_voidfRunnable
                0x00000000080004dc      0x144 ./Bootloader/Bootloader_Prog.o
                0x00000000080004dc                Bootloader_voidfRunnable
 .text.Bootloader_HandelFlames
                0x0000000008000620       0x74 ./Bootloader/Bootloader_Prog.o
                0x0000000008000620                Bootloader_HandelFlames
 .text.Bootloader_StateMachienChangeToApp
                0x0000000008000694       0x18 ./Bootloader/Bootloader_Prog.o
 .text.Bootloader_StateMachienChangeToFactoryApp
                0x00000000080006ac       0x18 ./Bootloader/Bootloader_Prog.o
 .text.localBootloader_updateAvailable
                0x00000000080006c4       0x50 ./Bootloader/Bootloader_Prog.o
 .text.localBootloader_SellectAPP
                0x0000000008000714       0x44 ./Bootloader/Bootloader_Prog.o
 .text.RX_Fun   0x0000000008000758       0x80 ./Bootloader/Bootloader_Prog.o
                0x0000000008000758                RX_Fun
 .text.Delay    0x00000000080007d8       0x3e ./DELAY/Delay.o
                0x00000000080007d8                Delay
 .text.FLASH_enCalculatePages
                0x0000000008000816       0x68 ./Flash/FLASH_Prog.o
                0x0000000008000816                FLASH_enCalculatePages
 *fill*         0x000000000800087e        0x2 
 .text.FLASH_enWaitClr
                0x0000000008000880       0x70 ./Flash/FLASH_Prog.o
                0x0000000008000880                FLASH_enWaitClr
 .text.FLASH_enErasePage
                0x00000000080008f0       0x68 ./Flash/FLASH_Prog.o
                0x00000000080008f0                FLASH_enErasePage
 .text.FLASH_enWriteData
                0x0000000008000958       0x74 ./Flash/FLASH_Prog.o
                0x0000000008000958                FLASH_enWriteData
 .text.FLASH_enWriteArray
                0x00000000080009cc       0xa8 ./Flash/FLASH_Prog.o
                0x00000000080009cc                FLASH_enWriteArray
 .text.FlASH_enEnablePrograming
                0x0000000008000a74       0x28 ./Flash/FLASH_Prog.o
                0x0000000008000a74                FlASH_enEnablePrograming
 .text.FlASH_enDisablePrograming
                0x0000000008000a9c       0x28 ./Flash/FLASH_Prog.o
                0x0000000008000a9c                FlASH_enDisablePrograming
 .text.FLASH_enUnlock
                0x0000000008000ac4       0x60 ./Flash/FLASH_Prog.o
                0x0000000008000ac4                FLASH_enUnlock
 .text.FLASH_enlock
                0x0000000008000b24       0x28 ./Flash/FLASH_Prog.o
                0x0000000008000b24                FLASH_enlock
 .text.GPIO_u8Init
                0x0000000008000b4c       0x40 ./GPIO/GPIO_Prog.o
                0x0000000008000b4c                GPIO_u8Init
 .text.GPIO_u8DeInit
                0x0000000008000b8c       0x38 ./GPIO/GPIO_Prog.o
                0x0000000008000b8c                GPIO_u8DeInit
 .text.GPIO_u8SetPinD_ID
                0x0000000008000bc4      0x1bc ./GPIO/GPIO_Prog.o
                0x0000000008000bc4                GPIO_u8SetPinD_ID
 .text.GPIO_u8SetPinV_ID
                0x0000000008000d80       0xc0 ./GPIO/GPIO_Prog.o
                0x0000000008000d80                GPIO_u8SetPinV_ID
 .text.HEX_voidParseFrame
                0x0000000008000e40       0x9c ./HexServ/HexServ_Prog.o
                0x0000000008000e40                HEX_voidParseFrame
 .text.RedesignHex1Bytes
                0x0000000008000edc      0x14c ./HexServ/HexServ_Prog.o
                0x0000000008000edc                RedesignHex1Bytes
 .text.DataCeckSum
                0x0000000008001028       0x5e ./HexServ/HexServ_Prog.o
                0x0000000008001028                DataCeckSum
 *fill*         0x0000000008001086        0x2 
 .text.NVIC_u8Set_EN_IRQ
                0x0000000008001088       0x48 ./NVIC/NVIC_Prog.o
                0x0000000008001088                NVIC_u8Set_EN_IRQ
 .text.RCC_voidInitSystemClock
                0x00000000080010d0       0x1c ./RCC/RCC_Prog.o
                0x00000000080010d0                RCC_voidInitSystemClock
 .text.RCC_voidEnablePeriphralCLK
                0x00000000080010ec       0xac ./RCC/RCC_Prog.o
                0x00000000080010ec                RCC_voidEnablePeriphralCLK
 .text.RCC_voidDisablePeriphralCLK
                0x0000000008001198       0xb4 ./RCC/RCC_Prog.o
                0x0000000008001198                RCC_voidDisablePeriphralCLK
 .text.main     0x000000000800124c       0x68 ./Src/main.o
                0x000000000800124c                main
 .text.Reset_Handler
                0x00000000080012b4       0x50 ./Startup/startup_stm32f103c8tx.o
                0x00000000080012b4                Reset_Handler
 .text.Default_Handler
                0x0000000008001304        0x2 ./Startup/startup_stm32f103c8tx.o
                0x0000000008001304                EXTI2_IRQHandler
                0x0000000008001304                TIM8_TRG_COM_IRQHandler
                0x0000000008001304                TIM8_CC_IRQHandler
                0x0000000008001304                DebugMon_Handler
                0x0000000008001304                TIM1_CC_IRQHandler
                0x0000000008001304                HardFault_Handler
                0x0000000008001304                TIM6_IRQHandler
                0x0000000008001304                PVD_IRQHandler
                0x0000000008001304                SDIO_IRQHandler
                0x0000000008001304                PendSV_Handler
                0x0000000008001304                NMI_Handler
                0x0000000008001304                EXTI3_IRQHandler
                0x0000000008001304                USB_HP_CAN_TX_IRQHandler
                0x0000000008001304                EXTI0_IRQHandler
                0x0000000008001304                I2C2_EV_IRQHandler
                0x0000000008001304                UsageFault_Handler
                0x0000000008001304                ADC1_2_IRQHandler
                0x0000000008001304                SPI1_IRQHandler
                0x0000000008001304                CAN_SCE_IRQHandler
                0x0000000008001304                TAMPER_IRQHandler
                0x0000000008001304                TIM8_UP_IRQHandler
                0x0000000008001304                DMA2_Channel2_IRQHandler
                0x0000000008001304                DMA1_Channel4_IRQHandler
                0x0000000008001304                USART3_IRQHandler
                0x0000000008001304                RTC_IRQHandler
                0x0000000008001304                DMA1_Channel7_IRQHandler
                0x0000000008001304                UART5_IRQHandler
                0x0000000008001304                ADC3_IRQHandler
                0x0000000008001304                TIM4_IRQHandler
                0x0000000008001304                CAN_RX1_IRQHandler
                0x0000000008001304                DMA2_Channel1_IRQHandler
                0x0000000008001304                I2C1_EV_IRQHandler
                0x0000000008001304                DMA1_Channel6_IRQHandler
                0x0000000008001304                UART4_IRQHandler
                0x0000000008001304                TIM3_IRQHandler
                0x0000000008001304                RCC_IRQHandler
                0x0000000008001304                TIM1_TRG_COM_IRQHandler
                0x0000000008001304                DMA1_Channel1_IRQHandler
                0x0000000008001304                Default_Handler
                0x0000000008001304                EXTI15_10_IRQHandler
                0x0000000008001304                TIM7_IRQHandler
                0x0000000008001304                TIM5_IRQHandler
                0x0000000008001304                EXTI9_5_IRQHandler
                0x0000000008001304                SPI2_IRQHandler
                0x0000000008001304                USB_LP_CAN_RX0_IRQHandler
                0x0000000008001304                MemManage_Handler
                0x0000000008001304                SVC_Handler
                0x0000000008001304                DMA1_Channel5_IRQHandler
                0x0000000008001304                EXTI4_IRQHandler
                0x0000000008001304                DMA1_Channel3_IRQHandler
                0x0000000008001304                FSMC_IRQHandler
                0x0000000008001304                TIM1_UP_IRQHandler
                0x0000000008001304                WWDG_IRQHandler
                0x0000000008001304                TIM2_IRQHandler
                0x0000000008001304                TIM1_BRK_IRQHandler
                0x0000000008001304                EXTI1_IRQHandler
                0x0000000008001304                RTCAlarm_IRQHandler
                0x0000000008001304                DMA2_Channel4_5_IRQHandler
                0x0000000008001304                USART2_IRQHandler
                0x0000000008001304                I2C2_ER_IRQHandler
                0x0000000008001304                DMA1_Channel2_IRQHandler
                0x0000000008001304                TIM8_BRK_IRQHandler
                0x0000000008001304                FLASH_IRQHandler
                0x0000000008001304                BusFault_Handler
                0x0000000008001304                SPI3_IRQHandler
                0x0000000008001304                I2C1_ER_IRQHandler
                0x0000000008001304                DMA2_Channel3_IRQHandler
 *fill*         0x0000000008001306        0x2 
 .text.STK_u8Init
                0x0000000008001308       0x20 ./Systick/SYSTICK_Prog.o
                0x0000000008001308                STK_u8Init
 .text.STK_u8SetIntervalSingle
                0x0000000008001328       0x68 ./Systick/SYSTICK_Prog.o
                0x0000000008001328                STK_u8SetIntervalSingle
 .text.STK_u8StopTimer
                0x0000000008001390       0x40 ./Systick/SYSTICK_Prog.o
                0x0000000008001390                STK_u8StopTimer
 .text.STK_u8StartTimer
                0x00000000080013d0       0x28 ./Systick/SYSTICK_Prog.o
                0x00000000080013d0                STK_u8StartTimer
 .text.STK_u8ENInterrupt
                0x00000000080013f8       0x20 ./Systick/SYSTICK_Prog.o
                0x00000000080013f8                STK_u8ENInterrupt
 .text.STK_u8DSInterrupt
                0x0000000008001418       0x20 ./Systick/SYSTICK_Prog.o
                0x0000000008001418                STK_u8DSInterrupt
 .text.STK_u8SetCallBack
                0x0000000008001438       0x30 ./Systick/SYSTICK_Prog.o
                0x0000000008001438                STK_u8SetCallBack
 .text.SysTick_Handler
                0x0000000008001468       0x34 ./Systick/SYSTICK_Prog.o
                0x0000000008001468                SysTick_Handler
 .text.UART1_voidInit
                0x000000000800149c       0x70 ./UART/UART_Prog.o
                0x000000000800149c                UART1_voidInit
 .text.UART1_u8SendByteBusyw8
                0x000000000800150c       0x40 ./UART/UART_Prog.o
                0x000000000800150c                UART1_u8SendByteBusyw8
 .text.UART1_u8SendStringBusyW8
                0x000000000800154c       0x3c ./UART/UART_Prog.o
                0x000000000800154c                UART1_u8SendStringBusyW8
 .text.UART1_u8RecieveByte
                0x0000000008001588       0x28 ./UART/UART_Prog.o
                0x0000000008001588                UART1_u8RecieveByte
 .text.UART1_u8SendNumString
                0x00000000080015b0       0xa8 ./UART/UART_Prog.o
                0x00000000080015b0                UART1_u8SendNumString
 .text.UART1_u8EnterruptEnRX
                0x0000000008001658       0x28 ./UART/UART_Prog.o
                0x0000000008001658                UART1_u8EnterruptEnRX
 .text.UART1_u8EnterruptDsRX
                0x0000000008001680       0x28 ./UART/UART_Prog.o
                0x0000000008001680                UART1_u8EnterruptDsRX
 .text.UART1_u8EnterruptCallBackRX
                0x00000000080016a8       0x30 ./UART/UART_Prog.o
                0x00000000080016a8                UART1_u8EnterruptCallBackRX
 .text.USART1_IRQHandler
                0x00000000080016d8       0x38 ./UART/UART_Prog.o
                0x00000000080016d8                USART1_IRQHandler
 .text.UART2_voidInit
                0x0000000008001710       0x70 ./UART/UART_Prog.o
                0x0000000008001710                UART2_voidInit
 .text.UART2_u8EnterruptDsRX
                0x0000000008001780       0x28 ./UART/UART_Prog.o
                0x0000000008001780                UART2_u8EnterruptDsRX
 .text.__libc_init_array
                0x00000000080017a8       0x48 /opt/st/stm32cubeide_1.13.2/plugins/com.st.stm32cube.ide.mcu.externaltools.gnu-tools-for-stm32.11.3.rel1.linux64_1.1.1.202309131626/tools/bin/../lib/gcc/arm-none-eabi/11.3.1/../../../../arm-none-eabi/lib/thumb/v7-m/nofp/libc_nano.a(libc_a-init.o)
                0x00000000080017a8                __libc_init_array
 *(.glue_7)
 .glue_7        0x00000000080017f0        0x0 linker stubs
 *(.glue_7t)
 .glue_7t       0x00000000080017f0        0x0 linker stubs
 *(.eh_frame)
 .eh_frame      0x00000000080017f0        0x0 /opt/st/stm32cubeide_1.13.2/plugins/com.st.stm32cube.ide.mcu.externaltools.gnu-tools-for-stm32.11.3.rel1.linux64_1.1.1.202309131626/tools/bin/../lib/gcc/arm-none-eabi/11.3.1/thumb/v7-m/nofp/crtbegin.o
 *(.init)
 .init          0x00000000080017f0        0x4 /opt/st/stm32cubeide_1.13.2/plugins/com.st.stm32cube.ide.mcu.externaltools.gnu-tools-for-stm32.11.3.rel1.linux64_1.1.1.202309131626/tools/bin/../lib/gcc/arm-none-eabi/11.3.1/thumb/v7-m/nofp/crti.o
                0x00000000080017f0                _init
 .init          0x00000000080017f4        0x8 /opt/st/stm32cubeide_1.13.2/plugins/com.st.stm32cube.ide.mcu.externaltools.gnu-tools-for-stm32.11.3.rel1.linux64_1.1.1.202309131626/tools/bin/../lib/gcc/arm-none-eabi/11.3.1/thumb/v7-m/nofp/crtn.o
 *(.fini)
 .fini          0x00000000080017fc        0x4 /opt/st/stm32cubeide_1.13.2/plugins/com.st.stm32cube.ide.mcu.externaltools.gnu-tools-for-stm32.11.3.rel1.linux64_1.1.1.202309131626/tools/bin/../lib/gcc/arm-none-eabi/11.3.1/thumb/v7-m/nofp/crti.o
                0x00000000080017fc                _fini
 .fini          0x0000000008001800        0x8 /opt/st/stm32cubeide_1.13.2/plugins/com.st.stm32cube.ide.mcu.externaltools.gnu-tools-for-stm32.11.3.rel1.linux64_1.1.1.202309131626/tools/bin/../lib/gcc/arm-none-eabi/11.3.1/thumb/v7-m/nofp/crtn.o
                0x0000000008001808                . = ALIGN (0x4)
                0x0000000008001808                _etext = .

.vfp11_veneer   0x0000000008001808        0x0
 .vfp11_veneer  0x0000000008001808        0x0 linker stubs

.v4_bx          0x0000000008001808        0x0
 .v4_bx         0x0000000008001808        0x0 linker stubs

.iplt           0x0000000008001808        0x0
 .iplt          0x0000000008001808        0x0 /opt/st/stm32cubeide_1.13.2/plugins/com.st.stm32cube.ide.mcu.externaltools.gnu-tools-for-stm32.11.3.rel1.linux64_1.1.1.202309131626/tools/bin/../lib/gcc/arm-none-eabi/11.3.1/thumb/v7-m/nofp/crtbegin.o

.rodata         0x0000000008001808       0x80
                0x0000000008001808                . = ALIGN (0x4)
 *(.rodata)
 .rodata        0x0000000008001808       0x1d ./Bootloader/Bootloader_Prog.o
 *(.rodata*)
 *fill*         0x0000000008001825        0x3 
 .rodata.GPIO_Conf_ARR
                0x0000000008001828       0x60 ./GPIO/GPIO_CONF.o
                0x0000000008001828                GPIO_Conf_ARR
                0x0000000008001888                . = ALIGN (0x4)

.rel.dyn        0x0000000008001888        0x0
 .rel.iplt      0x0000000008001888        0x0 /opt/st/stm32cubeide_1.13.2/plugins/com.st.stm32cube.ide.mcu.externaltools.gnu-tools-for-stm32.11.3.rel1.linux64_1.1.1.202309131626/tools/bin/../lib/gcc/arm-none-eabi/11.3.1/thumb/v7-m/nofp/crtbegin.o

.ARM.extab      0x0000000008001888        0x0
                0x0000000008001888                . = ALIGN (0x4)
 *(.ARM.extab* .gnu.linkonce.armextab.*)
                0x0000000008001888                . = ALIGN (0x4)

.ARM            0x0000000008001888        0x0
                0x0000000008001888                . = ALIGN (0x4)
                0x0000000008001888                __exidx_start = .
 *(.ARM.exidx*)
                0x0000000008001888                __exidx_end = .
                0x0000000008001888                . = ALIGN (0x4)

.preinit_array  0x0000000008001888        0x0
                0x0000000008001888                . = ALIGN (0x4)
                0x0000000008001888                PROVIDE (__preinit_array_start = .)
 *(.preinit_array*)
                0x0000000008001888                PROVIDE (__preinit_array_end = .)
                0x0000000008001888                . = ALIGN (0x4)

.init_array     0x0000000008001888        0x4
                0x0000000008001888                . = ALIGN (0x4)
                0x0000000008001888                PROVIDE (__init_array_start = .)
 *(SORT_BY_NAME(.init_array.*))
 *(.init_array*)
 .init_array    0x0000000008001888        0x4 /opt/st/stm32cubeide_1.13.2/plugins/com.st.stm32cube.ide.mcu.externaltools.gnu-tools-for-stm32.11.3.rel1.linux64_1.1.1.202309131626/tools/bin/../lib/gcc/arm-none-eabi/11.3.1/thumb/v7-m/nofp/crtbegin.o
                0x000000000800188c                PROVIDE (__init_array_end = .)
                0x000000000800188c                . = ALIGN (0x4)

.fini_array     0x000000000800188c        0x4
                0x000000000800188c                . = ALIGN (0x4)
                [!provide]                        PROVIDE (__fini_array_start = .)
 *(SORT_BY_NAME(.fini_array.*))
 *(.fini_array*)
 .fini_array    0x000000000800188c        0x4 /opt/st/stm32cubeide_1.13.2/plugins/com.st.stm32cube.ide.mcu.externaltools.gnu-tools-for-stm32.11.3.rel1.linux64_1.1.1.202309131626/tools/bin/../lib/gcc/arm-none-eabi/11.3.1/thumb/v7-m/nofp/crtbegin.o
                [!provide]                        PROVIDE (__fini_array_end = .)
                0x0000000008001890                . = ALIGN (0x4)
                0x0000000008001890                _sidata = LOADADDR (.data)

.data           0x0000000020000000        0x4 load address 0x0000000008001890
                0x0000000020000000                . = ALIGN (0x4)
                0x0000000020000000                _sdata = .
 *(.data)
 *(.data*)
 .data.Global_Bootloader_enuStateMachien
                0x0000000020000000        0x1 ./Bootloader/Bootloader_Prog.o
                0x0000000020000000                Global_Bootloader_enuStateMachien
 .data.Flash_lock
                0x0000000020000001        0x1 ./Bootloader/Bootloader_Prog.o
                0x0000000020000001                Flash_lock
 .data.bootRuntimeout.2
                0x0000000020000002        0x1 ./Bootloader/Bootloader_Prog.o
 .data.datapin.0
                0x0000000020000003        0x1 ./Src/main.o
 *(.RamFunc)
 *(.RamFunc*)
                0x0000000020000004                . = ALIGN (0x4)
                0x0000000020000004                _edata = .

.igot.plt       0x0000000020000004        0x0 load address 0x0000000008001894
 .igot.plt      0x0000000020000004        0x0 /opt/st/stm32cubeide_1.13.2/plugins/com.st.stm32cube.ide.mcu.externaltools.gnu-tools-for-stm32.11.3.rel1.linux64_1.1.1.202309131626/tools/bin/../lib/gcc/arm-none-eabi/11.3.1/thumb/v7-m/nofp/crtbegin.o
                0x0000000020000004                . = ALIGN (0x4)

.bss            0x0000000020000004       0xc8 load address 0x0000000008001894
                0x0000000020000004                _sbss = .
                0x0000000020000004                __bss_start__ = _sbss
 *(.bss)
 .bss           0x0000000020000004       0x1c /opt/st/stm32cubeide_1.13.2/plugins/com.st.stm32cube.ide.mcu.externaltools.gnu-tools-for-stm32.11.3.rel1.linux64_1.1.1.202309131626/tools/bin/../lib/gcc/arm-none-eabi/11.3.1/thumb/v7-m/nofp/crtbegin.o
 *(.bss*)
 .bss.Global_u8FrameSendRequestFlag
                0x0000000020000020        0x1 ./Bootloader/Bootloader_Prog.o
                0x0000000020000020                Global_u8FrameSendRequestFlag
 *fill*         0x0000000020000021        0x3 
 .bss.Global_u8ArryReciveDirectUart
                0x0000000020000024       0x64 ./Bootloader/Bootloader_Prog.o
                0x0000000020000024                Global_u8ArryReciveDirectUart
 .bss.Global_u8StackPointerArryRecive
                0x0000000020000088        0x1 ./Bootloader/Bootloader_Prog.o
                0x0000000020000088                Global_u8StackPointerArryRecive
 *fill*         0x0000000020000089        0x3 
 .bss.RedesignHexdata
                0x000000002000008c       0x28 ./Bootloader/Bootloader_Prog.o
                0x000000002000008c                RedesignHexdata
 .bss.dataReciev
                0x00000000200000b4        0x1 ./Bootloader/Bootloader_Prog.o
                0x00000000200000b4                dataReciev
 *fill*         0x00000000200000b5        0x3 
 .bss.FlagCounter
                0x00000000200000b8        0x4 ./Bootloader/Bootloader_Prog.o
                0x00000000200000b8                FlagCounter
 .bss.local_u8datalast.1
                0x00000000200000bc        0x1 ./Bootloader/Bootloader_Prog.o
 *fill*         0x00000000200000bd        0x1 
 .bss.local_u8Counter.0
                0x00000000200000be        0x2 ./Bootloader/Bootloader_Prog.o
 .bss.STK_PtrCallBack
                0x00000000200000c0        0x4 ./Systick/SYSTICK_Prog.o
 .bss.STK_CHAECK_PERODIC
                0x00000000200000c4        0x1 ./Systick/SYSTICK_Prog.o
 .bss.STK_ProtectionFlage
                0x00000000200000c5        0x1 ./Systick/SYSTICK_Prog.o
 *fill*         0x00000000200000c6        0x2 
 .bss.GlobalRX  0x00000000200000c8        0x4 ./UART/UART_Prog.o
 *(COMMON)
                0x00000000200000cc                . = ALIGN (0x4)
                0x00000000200000cc                _ebss = .
                0x00000000200000cc                __bss_end__ = _ebss

._user_heap_stack
                0x00000000200000cc      0x604 load address 0x0000000008001894
                0x00000000200000d0                . = ALIGN (0x8)
 *fill*         0x00000000200000cc        0x4 
                [!provide]                        PROVIDE (end = .)
                0x00000000200000d0                PROVIDE (_end = .)
                0x00000000200002d0                . = (. + _Min_Heap_Size)
 *fill*         0x00000000200000d0      0x200 
                0x00000000200006d0                . = (. + _Min_Stack_Size)
 *fill*         0x00000000200002d0      0x400 
                0x00000000200006d0                . = ALIGN (0x8)

/DISCARD/
 libc.a(*)
 libm.a(*)
 libgcc.a(*)

.ARM.attributes
                0x0000000000000000       0x29
 *(.ARM.attributes)
 .ARM.attributes
                0x0000000000000000       0x1d /opt/st/stm32cubeide_1.13.2/plugins/com.st.stm32cube.ide.mcu.externaltools.gnu-tools-for-stm32.11.3.rel1.linux64_1.1.1.202309131626/tools/bin/../lib/gcc/arm-none-eabi/11.3.1/thumb/v7-m/nofp/crti.o
 .ARM.attributes
                0x000000000000001d       0x2d /opt/st/stm32cubeide_1.13.2/plugins/com.st.stm32cube.ide.mcu.externaltools.gnu-tools-for-stm32.11.3.rel1.linux64_1.1.1.202309131626/tools/bin/../lib/gcc/arm-none-eabi/11.3.1/thumb/v7-m/nofp/crtbegin.o
 .ARM.attributes
                0x000000000000004a       0x2d ./Bootloader/Bootloader_Prog.o
 .ARM.attributes
                0x0000000000000077       0x2d ./DELAY/Delay.o
 .ARM.attributes
                0x00000000000000a4       0x2d ./Flash/FLASH_Prog.o
 .ARM.attributes
                0x00000000000000d1       0x2d ./GPIO/GPIO_CONF.o
 .ARM.attributes
                0x00000000000000fe       0x2d ./GPIO/GPIO_Prog.o
 .ARM.attributes
                0x000000000000012b       0x2d ./HexServ/HexServ_Prog.o
 .ARM.attributes
                0x0000000000000158       0x2d ./NVIC/NVIC_Prog.o
 .ARM.attributes
                0x0000000000000185       0x2d ./RCC/RCC_Prog.o
 .ARM.attributes
                0x00000000000001b2       0x2d ./Src/main.o
 .ARM.attributes
                0x00000000000001df       0x21 ./Startup/startup_stm32f103c8tx.o
 .ARM.attributes
                0x0000000000000200       0x2d ./Systick/SYSTICK_Prog.o
 .ARM.attributes
                0x000000000000022d       0x2d ./UART/UART_Prog.o
 .ARM.attributes
                0x000000000000025a       0x2d /opt/st/stm32cubeide_1.13.2/plugins/com.st.stm32cube.ide.mcu.externaltools.gnu-tools-for-stm32.11.3.rel1.linux64_1.1.1.202309131626/tools/bin/../lib/gcc/arm-none-eabi/11.3.1/../../../../arm-none-eabi/lib/thumb/v7-m/nofp/libc_nano.a(libc_a-init.o)
 .ARM.attributes
                0x0000000000000287       0x1d /opt/st/stm32cubeide_1.13.2/plugins/com.st.stm32cube.ide.mcu.externaltools.gnu-tools-for-stm32.11.3.rel1.linux64_1.1.1.202309131626/tools/bin/../lib/gcc/arm-none-eabi/11.3.1/thumb/v7-m/nofp/crtn.o
OUTPUT(NTI4month.elf elf32-littlearm)
LOAD linker stubs
LOAD /opt/st/stm32cubeide_1.13.2/plugins/com.st.stm32cube.ide.mcu.externaltools.gnu-tools-for-stm32.11.3.rel1.linux64_1.1.1.202309131626/tools/bin/../lib/gcc/arm-none-eabi/11.3.1/../../../../arm-none-eabi/lib/thumb/v7-m/nofp/libc.a
LOAD /opt/st/stm32cubeide_1.13.2/plugins/com.st.stm32cube.ide.mcu.externaltools.gnu-tools-for-stm32.11.3.rel1.linux64_1.1.1.202309131626/tools/bin/../lib/gcc/arm-none-eabi/11.3.1/../../../../arm-none-eabi/lib/thumb/v7-m/nofp/libm.a
LOAD /opt/st/stm32cubeide_1.13.2/plugins/com.st.stm32cube.ide.mcu.externaltools.gnu-tools-for-stm32.11.3.rel1.linux64_1.1.1.202309131626/tools/bin/../lib/gcc/arm-none-eabi/11.3.1/thumb/v7-m/nofp/libgcc.a

.comment        0x0000000000000000       0x43
 .comment       0x0000000000000000       0x43 /opt/st/stm32cubeide_1.13.2/plugins/com.st.stm32cube.ide.mcu.externaltools.gnu-tools-for-stm32.11.3.rel1.linux64_1.1.1.202309131626/tools/bin/../lib/gcc/arm-none-eabi/11.3.1/thumb/v7-m/nofp/crtbegin.o
                                         0x44 (size before relaxing)
 .comment       0x0000000000000043       0x44 ./Bootloader/Bootloader_Prog.o
 .comment       0x0000000000000043       0x44 ./DELAY/Delay.o
 .comment       0x0000000000000043       0x44 ./Flash/FLASH_Prog.o
 .comment       0x0000000000000043       0x44 ./GPIO/GPIO_CONF.o
 .comment       0x0000000000000043       0x44 ./GPIO/GPIO_Prog.o
 .comment       0x0000000000000043       0x44 ./HexServ/HexServ_Prog.o
 .comment       0x0000000000000043       0x44 ./NVIC/NVIC_Prog.o
 .comment       0x0000000000000043       0x44 ./RCC/RCC_Prog.o
 .comment       0x0000000000000043       0x44 ./Src/main.o
 .comment       0x0000000000000043       0x44 ./Systick/SYSTICK_Prog.o
 .comment       0x0000000000000043       0x44 ./UART/UART_Prog.o

.debug_info     0x0000000000000000     0x36ea
 .debug_info    0x0000000000000000      0xc29 ./Bootloader/Bootloader_Prog.o
 .debug_info    0x0000000000000c29       0xc1 ./DELAY/Delay.o
 .debug_info    0x0000000000000cea      0x37e ./Flash/FLASH_Prog.o
 .debug_info    0x0000000000001068      0x204 ./GPIO/GPIO_CONF.o
 .debug_info    0x000000000000126c      0x737 ./GPIO/GPIO_Prog.o
 .debug_info    0x00000000000019a3      0x2aa ./HexServ/HexServ_Prog.o
 .debug_info    0x0000000000001c4d      0x69e ./NVIC/NVIC_Prog.o
 .debug_info    0x00000000000022eb      0x39e ./RCC/RCC_Prog.o
 .debug_info    0x0000000000002689      0x405 ./Src/main.o
 .debug_info    0x0000000000002a8e       0x23 ./Startup/startup_stm32f103c8tx.o
 .debug_info    0x0000000000002ab1      0x36d ./Systick/SYSTICK_Prog.o
 .debug_info    0x0000000000002e1e      0x8cc ./UART/UART_Prog.o

.debug_abbrev   0x0000000000000000      0xe29
 .debug_abbrev  0x0000000000000000      0x286 ./Bootloader/Bootloader_Prog.o
 .debug_abbrev  0x0000000000000286       0x75 ./DELAY/Delay.o
 .debug_abbrev  0x00000000000002fb      0x121 ./Flash/FLASH_Prog.o
 .debug_abbrev  0x000000000000041c       0xa6 ./GPIO/GPIO_CONF.o
 .debug_abbrev  0x00000000000004c2      0x17a ./GPIO/GPIO_Prog.o
 .debug_abbrev  0x000000000000063c       0xbb ./HexServ/HexServ_Prog.o
 .debug_abbrev  0x00000000000006f7      0x13b ./NVIC/NVIC_Prog.o
 .debug_abbrev  0x0000000000000832       0xee ./RCC/RCC_Prog.o
 .debug_abbrev  0x0000000000000920      0x13a ./Src/main.o
 .debug_abbrev  0x0000000000000a5a       0x12 ./Startup/startup_stm32f103c8tx.o
 .debug_abbrev  0x0000000000000a6c      0x151 ./Systick/SYSTICK_Prog.o
 .debug_abbrev  0x0000000000000bbd      0x26c ./UART/UART_Prog.o

.debug_aranges  0x0000000000000000      0x450
 .debug_aranges
                0x0000000000000000       0x80 ./Bootloader/Bootloader_Prog.o
 .debug_aranges
                0x0000000000000080       0x20 ./DELAY/Delay.o
 .debug_aranges
                0x00000000000000a0       0x60 ./Flash/FLASH_Prog.o
 .debug_aranges
                0x0000000000000100       0x18 ./GPIO/GPIO_CONF.o
 .debug_aranges
                0x0000000000000118       0x88 ./GPIO/GPIO_Prog.o
 .debug_aranges
                0x00000000000001a0       0x40 ./HexServ/HexServ_Prog.o
 .debug_aranges
                0x00000000000001e0       0x50 ./NVIC/NVIC_Prog.o
 .debug_aranges
                0x0000000000000230       0x38 ./RCC/RCC_Prog.o
 .debug_aranges
                0x0000000000000268       0x20 ./Src/main.o
 .debug_aranges
                0x0000000000000288       0x28 ./Startup/startup_stm32f103c8tx.o
 .debug_aranges
                0x00000000000002b0       0x80 ./Systick/SYSTICK_Prog.o
 .debug_aranges
                0x0000000000000330      0x120 ./UART/UART_Prog.o

.debug_rnglists
                0x0000000000000000      0x31b
 .debug_rnglists
                0x0000000000000000       0x6f ./Bootloader/Bootloader_Prog.o
 .debug_rnglists
                0x000000000000006f       0x13 ./DELAY/Delay.o
 .debug_rnglists
                0x0000000000000082       0x44 ./Flash/FLASH_Prog.o
 .debug_rnglists
                0x00000000000000c6       0x6c ./GPIO/GPIO_Prog.o
 .debug_rnglists
                0x0000000000000132       0x2e ./HexServ/HexServ_Prog.o
 .debug_rnglists
                0x0000000000000160       0x37 ./NVIC/NVIC_Prog.o
 .debug_rnglists
                0x0000000000000197       0x27 ./RCC/RCC_Prog.o
 .debug_rnglists
                0x00000000000001be       0x13 ./Src/main.o
 .debug_rnglists
                0x00000000000001d1       0x19 ./Startup/startup_stm32f103c8tx.o
 .debug_rnglists
                0x00000000000001ea       0x5b ./Systick/SYSTICK_Prog.o
 .debug_rnglists
                0x0000000000000245       0xd6 ./UART/UART_Prog.o

.debug_macro    0x0000000000000000     0x138f
 .debug_macro   0x0000000000000000       0x98 ./Bootloader/Bootloader_Prog.o
 .debug_macro   0x0000000000000098      0xaa2 ./Bootloader/Bootloader_Prog.o
 .debug_macro   0x0000000000000b3a       0x28 ./Bootloader/Bootloader_Prog.o
 .debug_macro   0x0000000000000b62      0x1be ./Bootloader/Bootloader_Prog.o
 .debug_macro   0x0000000000000d20       0x64 ./Bootloader/Bootloader_Prog.o
 .debug_macro   0x0000000000000d84       0x10 ./Bootloader/Bootloader_Prog.o
 .debug_macro   0x0000000000000d94       0x6a ./Bootloader/Bootloader_Prog.o
 .debug_macro   0x0000000000000dfe       0xfa ./Bootloader/Bootloader_Prog.o
 .debug_macro   0x0000000000000ef8       0x22 ./Bootloader/Bootloader_Prog.o
 .debug_macro   0x0000000000000f1a       0x10 ./Bootloader/Bootloader_Prog.o
 .debug_macro   0x0000000000000f2a       0x22 ./Bootloader/Bootloader_Prog.o
 .debug_macro   0x0000000000000f4c       0x16 ./Bootloader/Bootloader_Prog.o
 .debug_macro   0x0000000000000f62       0x16 ./Bootloader/Bootloader_Prog.o
 .debug_macro   0x0000000000000f78       0x2d ./DELAY/Delay.o
 .debug_macro   0x0000000000000fa5       0x47 ./Flash/FLASH_Prog.o
 .debug_macro   0x0000000000000fec       0x16 ./Flash/FLASH_Prog.o
 .debug_macro   0x0000000000001002       0x16 ./Flash/FLASH_Prog.o
 .debug_macro   0x0000000000001018       0x2d ./GPIO/GPIO_CONF.o
 .debug_macro   0x0000000000001045       0x48 ./GPIO/GPIO_Prog.o
 .debug_macro   0x000000000000108d       0x28 ./GPIO/GPIO_Prog.o
 .debug_macro   0x00000000000010b5       0x48 ./HexServ/HexServ_Prog.o
 .debug_macro   0x00000000000010fd       0x10 ./HexServ/HexServ_Prog.o
 .debug_macro   0x000000000000110d       0x49 ./NVIC/NVIC_Prog.o
 .debug_macro   0x0000000000001156       0x22 ./NVIC/NVIC_Prog.o
 .debug_macro   0x0000000000001178       0x47 ./RCC/RCC_Prog.o
 .debug_macro   0x00000000000011bf       0x34 ./RCC/RCC_Prog.o
 .debug_macro   0x00000000000011f3       0x10 ./RCC/RCC_Prog.o
 .debug_macro   0x0000000000001203       0x76 ./Src/main.o
 .debug_macro   0x0000000000001279       0x47 ./Systick/SYSTICK_Prog.o
 .debug_macro   0x00000000000012c0       0x10 ./Systick/SYSTICK_Prog.o
 .debug_macro   0x00000000000012d0       0x16 ./Systick/SYSTICK_Prog.o
 .debug_macro   0x00000000000012e6       0x47 ./UART/UART_Prog.o
 .debug_macro   0x000000000000132d       0x10 ./UART/UART_Prog.o
 .debug_macro   0x000000000000133d       0x52 ./UART/UART_Prog.o

.debug_line     0x0000000000000000     0x241c
 .debug_line    0x0000000000000000      0x57f ./Bootloader/Bootloader_Prog.o
 .debug_line    0x000000000000057f       0xa1 ./DELAY/Delay.o
 .debug_line    0x0000000000000620      0x2b4 ./Flash/FLASH_Prog.o
 .debug_line    0x00000000000008d4       0x76 ./GPIO/GPIO_CONF.o
 .debug_line    0x000000000000094a      0x745 ./GPIO/GPIO_Prog.o
 .debug_line    0x000000000000108f      0x3b4 ./HexServ/HexServ_Prog.o
 .debug_line    0x0000000000001443      0x1f4 ./NVIC/NVIC_Prog.o
 .debug_line    0x0000000000001637      0x167 ./RCC/RCC_Prog.o
 .debug_line    0x000000000000179e      0x1eb ./Src/main.o
 .debug_line    0x0000000000001989       0x7b ./Startup/startup_stm32f103c8tx.o
 .debug_line    0x0000000000001a04      0x2e3 ./Systick/SYSTICK_Prog.o
 .debug_line    0x0000000000001ce7      0x735 ./UART/UART_Prog.o

.debug_str      0x0000000000000000     0x5ffc
 .debug_str     0x0000000000000000     0x4c07 ./Bootloader/Bootloader_Prog.o
                                       0x4ccf (size before relaxing)
 .debug_str     0x0000000000004c07      0x18a ./DELAY/Delay.o
                                       0x2fd5 (size before relaxing)
 .debug_str     0x0000000000004d91      0x1fb ./Flash/FLASH_Prog.o
                                       0x3a83 (size before relaxing)
 .debug_str     0x0000000000004f8c      0x1c7 ./GPIO/GPIO_CONF.o
                                       0x3347 (size before relaxing)
 .debug_str     0x0000000000005153      0x282 ./GPIO/GPIO_Prog.o
                                       0x3f1c (size before relaxing)
 .debug_str     0x00000000000053d5      0x169 ./HexServ/HexServ_Prog.o
                                       0x3abd (size before relaxing)
 .debug_str     0x000000000000553e      0x275 ./NVIC/NVIC_Prog.o
                                       0x3f00 (size before relaxing)
 .debug_str     0x00000000000057b3      0x227 ./RCC/RCC_Prog.o
                                       0x3c8b (size before relaxing)
 .debug_str     0x00000000000059da       0x32 ./Src/main.o
                                       0x3f80 (size before relaxing)
 .debug_str     0x0000000000005a0c       0x2f ./Startup/startup_stm32f103c8tx.o
                                         0x5f (size before relaxing)
 .debug_str     0x0000000000005a3b      0x1c4 ./Systick/SYSTICK_Prog.o
                                       0x39d8 (size before relaxing)
 .debug_str     0x0000000000005bff      0x3fd ./UART/UART_Prog.o
                                       0x3cf1 (size before relaxing)

.debug_frame    0x0000000000000000      0xf5c
 .debug_frame   0x0000000000000000      0x1cc ./Bootloader/Bootloader_Prog.o
 .debug_frame   0x00000000000001cc       0x38 ./DELAY/Delay.o
 .debug_frame   0x0000000000000204      0x170 ./Flash/FLASH_Prog.o
 .debug_frame   0x0000000000000374      0x238 ./GPIO/GPIO_Prog.o
 .debug_frame   0x00000000000005ac       0xcc ./HexServ/HexServ_Prog.o
 .debug_frame   0x0000000000000678      0x120 ./NVIC/NVIC_Prog.o
 .debug_frame   0x0000000000000798       0xa8 ./RCC/RCC_Prog.o
 .debug_frame   0x0000000000000840       0x2c ./Src/main.o
 .debug_frame   0x000000000000086c      0x1dc ./Systick/SYSTICK_Prog.o
 .debug_frame   0x0000000000000a48      0x4e8 ./UART/UART_Prog.o
 .debug_frame   0x0000000000000f30       0x2c /opt/st/stm32cubeide_1.13.2/plugins/com.st.stm32cube.ide.mcu.externaltools.gnu-tools-for-stm32.11.3.rel1.linux64_1.1.1.202309131626/tools/bin/../lib/gcc/arm-none-eabi/11.3.1/../../../../arm-none-eabi/lib/thumb/v7-m/nofp/libc_nano.a(libc_a-init.o)

.debug_line_str
                0x0000000000000000       0x53
 .debug_line_str
                0x0000000000000000       0x53 ./Startup/startup_stm32f103c8tx.o
                                         0x6b (size before relaxing)
